Archive member included to satisfy reference by file (symbol)

/Applications/ArmGNUToolchain/13.3.rel1/arm-none-eabi/bin/../lib/gcc/arm-none-eabi/13.3.1/../../../../arm-none-eabi/lib/thumb/v7e-m+dp/hard/libc_nano.a(libc_a-exit.o)
                              /Applications/ArmGNUToolchain/13.3.rel1/arm-none-eabi/bin/../lib/gcc/arm-none-eabi/13.3.1/../../../../arm-none-eabi/lib/thumb/v7e-m+dp/hard/crt0.o (exit)
/Applications/ArmGNUToolchain/13.3.rel1/arm-none-eabi/bin/../lib/gcc/arm-none-eabi/13.3.1/../../../../arm-none-eabi/lib/thumb/v7e-m+dp/hard/libc_nano.a(libc_a-malloc.o)
                              build/jdatadst.o (malloc)
/Applications/ArmGNUToolchain/13.3.rel1/arm-none-eabi/bin/../lib/gcc/arm-none-eabi/13.3.1/../../../../arm-none-eabi/lib/thumb/v7e-m+dp/hard/libc_nano.a(libc_a-mallocr.o)
                              /Applications/ArmGNUToolchain/13.3.rel1/arm-none-eabi/bin/../lib/gcc/arm-none-eabi/13.3.1/../../../../arm-none-eabi/lib/thumb/v7e-m+dp/hard/libc_nano.a(libc_a-malloc.o) (_malloc_r)
/Applications/ArmGNUToolchain/13.3.rel1/arm-none-eabi/bin/../lib/gcc/arm-none-eabi/13.3.1/../../../../arm-none-eabi/lib/thumb/v7e-m+dp/hard/libc_nano.a(libc_a-snprintf.o)
                              build/capture.o (snprintf)
/Applications/ArmGNUToolchain/13.3.rel1/arm-none-eabi/bin/../lib/gcc/arm-none-eabi/13.3.1/../../../../arm-none-eabi/lib/thumb/v7e-m+dp/hard/libc_nano.a(libc_a-mlock.o)
                              /Applications/ArmGNUToolchain/13.3.rel1/arm-none-eabi/bin/../lib/gcc/arm-none-eabi/13.3.1/../../../../arm-none-eabi/lib/thumb/v7e-m+dp/hard/libc_nano.a(libc_a-mallocr.o) (__malloc_lock)
/Applications/ArmGNUToolchain/13.3.rel1/arm-none-eabi/bin/../lib/gcc/arm-none-eabi/13.3.1/../../../../arm-none-eabi/lib/thumb/v7e-m+dp/hard/libc_nano.a(libc_a-sprintf.o)
                              build/main.o (sprintf)
/Applications/ArmGNUToolchain/13.3.rel1/arm-none-eabi/bin/../lib/gcc/arm-none-eabi/13.3.1/../../../../arm-none-eabi/lib/thumb/v7e-m+dp/hard/libc_nano.a(libc_a-findfp.o)
                              /Applications/ArmGNUToolchain/13.3.rel1/arm-none-eabi/bin/../lib/gcc/arm-none-eabi/13.3.1/../../../../arm-none-eabi/lib/thumb/v7e-m+dp/hard/libc_nano.a(libc_a-exit.o) (__stdio_exit_handler)
/Applications/ArmGNUToolchain/13.3.rel1/arm-none-eabi/bin/../lib/gcc/arm-none-eabi/13.3.1/../../../../arm-none-eabi/lib/thumb/v7e-m+dp/hard/libc_nano.a(libc_a-fwalk.o)
                              /Applications/ArmGNUToolchain/13.3.rel1/arm-none-eabi/bin/../lib/gcc/arm-none-eabi/13.3.1/../../../../arm-none-eabi/lib/thumb/v7e-m+dp/hard/libc_nano.a(libc_a-findfp.o) (_fwalk_sglue)
/Applications/ArmGNUToolchain/13.3.rel1/arm-none-eabi/bin/../lib/gcc/arm-none-eabi/13.3.1/../../../../arm-none-eabi/lib/thumb/v7e-m+dp/hard/libc_nano.a(libc_a-memset.o)
                              /Applications/ArmGNUToolchain/13.3.rel1/arm-none-eabi/bin/../lib/gcc/arm-none-eabi/13.3.1/../../../../arm-none-eabi/lib/thumb/v7e-m+dp/hard/crt0.o (memset)
/Applications/ArmGNUToolchain/13.3.rel1/arm-none-eabi/bin/../lib/gcc/arm-none-eabi/13.3.1/../../../../arm-none-eabi/lib/thumb/v7e-m+dp/hard/libc_nano.a(libc_a-strncmp.o)
                              build/capture.o (strncmp)
/Applications/ArmGNUToolchain/13.3.rel1/arm-none-eabi/bin/../lib/gcc/arm-none-eabi/13.3.1/../../../../arm-none-eabi/lib/thumb/v7e-m+dp/hard/libc_nano.a(libc_a-strrchr.o)
                              build/capture.o (strrchr)
/Applications/ArmGNUToolchain/13.3.rel1/arm-none-eabi/bin/../lib/gcc/arm-none-eabi/13.3.1/../../../../arm-none-eabi/lib/thumb/v7e-m+dp/hard/libc_nano.a(libc_a-sbrkr.o)
                              /Applications/ArmGNUToolchain/13.3.rel1/arm-none-eabi/bin/../lib/gcc/arm-none-eabi/13.3.1/../../../../arm-none-eabi/lib/thumb/v7e-m+dp/hard/libc_nano.a(libc_a-mallocr.o) (_sbrk_r)
/Applications/ArmGNUToolchain/13.3.rel1/arm-none-eabi/bin/../lib/gcc/arm-none-eabi/13.3.1/../../../../arm-none-eabi/lib/thumb/v7e-m+dp/hard/libc_nano.a(libc_a-errno.o)
                              build/sysmem.o (__errno)
/Applications/ArmGNUToolchain/13.3.rel1/arm-none-eabi/bin/../lib/gcc/arm-none-eabi/13.3.1/../../../../arm-none-eabi/lib/thumb/v7e-m+dp/hard/libc_nano.a(libc_a-init.o)
                              /Applications/ArmGNUToolchain/13.3.rel1/arm-none-eabi/bin/../lib/gcc/arm-none-eabi/13.3.1/../../../../arm-none-eabi/lib/thumb/v7e-m+dp/hard/crt0.o (__libc_init_array)
/Applications/ArmGNUToolchain/13.3.rel1/arm-none-eabi/bin/../lib/gcc/arm-none-eabi/13.3.1/../../../../arm-none-eabi/lib/thumb/v7e-m+dp/hard/libc_nano.a(libc_a-lock.o)
                              /Applications/ArmGNUToolchain/13.3.rel1/arm-none-eabi/bin/../lib/gcc/arm-none-eabi/13.3.1/../../../../arm-none-eabi/lib/thumb/v7e-m+dp/hard/libc_nano.a(libc_a-findfp.o) (__retarget_lock_init_recursive)
/Applications/ArmGNUToolchain/13.3.rel1/arm-none-eabi/bin/../lib/gcc/arm-none-eabi/13.3.1/../../../../arm-none-eabi/lib/thumb/v7e-m+dp/hard/libc_nano.a(libc_a-reent.o)
[...]
Memory Configuration

Name             Origin             Length             Attributes
DTCMRAM          0x20000000         0x00020000         xrw
AXISRAM          0x24000000         0x00080000         xrw
RAM_D2           0x30000000         0x00048000         xrw
RAM_D3           0x38000000         0x00010000         xrw
ITCMRAM          0x00000000         0x00010000         xrw
FLASH            0x08000000         0x00020000         xr
*default*        0x00000000         0xffffffff

Linker script and memory map

LOAD /Applications/ArmGNUToolchain/13.3.rel1/arm-none-eabi/bin/../lib/gcc/arm-none-eabi/13.3.1/thumb/v7e-m+dp/hard/crti.o
LOAD /Applications/ArmGNUToolchain/13.3.rel1/arm-none-eabi/bin/../lib/gcc/arm-none-eabi/13.3.1/thumb/v7e-m+dp/hard/crtbegin.o
LOAD /Applications/ArmGNUToolchain/13.3.rel1/arm-none-eabi/bin/../lib/gcc/arm-none-eabi/13.3.1/../../../../arm-none-eabi/lib/thumb/v7e-m+dp/hard/crt0.o
LOAD build/main.o
LOAD build/gpio.o
LOAD build/dcmi.o
LOAD build/dma.o
LOAD build/i2c.o
LOAD build/sdmmc.o
LOAD build/spi.o
LOAD build/capture.o
LOAD build/tim.o
LOAD build/stm32h7xx_it.o
LOAD build/stm32h7xx_hal_msp.o
LOAD build/stm32h7xx_hal_rcc.o
LOAD build/stm32h7xx_hal_rcc_ex.o
LOAD build/stm32h7xx_hal_flash.o
LOAD build/stm32h7xx_hal_flash_ex.o
LOAD build/stm32h7xx_hal_gpio.o
LOAD build/stm32h7xx_hal_hsem.o
LOAD build/stm32h7xx_hal_dma.o
LOAD build/stm32h7xx_hal_dma_ex.o
LOAD build/stm32h7xx_hal_mdma.o
LOAD build/stm32h7xx_hal_pwr.o
LOAD build/stm32h7xx_hal_pwr_ex.o
LOAD build/stm32h7xx_hal_cortex.o
LOAD build/stm32h7xx_hal.o
LOAD build/stm32h7xx_hal_i2c.o
LOAD build/stm32h7xx_hal_i2c_ex.o
LOAD build/stm32h7xx_hal_exti.o
LOAD build/stm32h7xx_hal_dcmi.o
LOAD build/stm32h7xx_ll_sdmmc.o
LOAD build/stm32h7xx_ll_delayblock.o
LOAD build/stm32h7xx_hal_sd.o
LOAD build/stm32h7xx_hal_sd_ex.o
LOAD build/stm32h7xx_hal_mmc.o
LOAD build/stm32h7xx_hal_mmc_ex.o
LOAD build/stm32h7xx_hal_spi.o
LOAD build/stm32h7xx_hal_spi_ex.o
LOAD build/stm32h7xx_hal_tim.o
LOAD build/stm32h7xx_hal_tim_ex.o
LOAD build/system_stm32h7xx.o
LOAD build/camera.o
LOAD build/ov7670.o
LOAD build/ov2640.o
LOAD build/ov7725.o
LOAD build/ov5640.o
LOAD build/ov7670_regs.o
LOAD build/ov2640_regs.o
LOAD build/ov7725_regs.o
LOAD build/ov5640_regs.o
LOAD build/st7735.o
LOAD build/st7735_reg.o
LOAD build/lcd.o
LOAD build/logo_160_80.o
LOAD build/logo_128_160.o
LOAD build/logo.o
LOAD build/sysmem.o
LOAD build/syscalls.o
LOAD build/bsp_driver_sd.o
LOAD build/sd_diskio.o
LOAD build/fatfs.o
LOAD build/fatfs_platform.o
LOAD build/diskio.o
LOAD build/ff.o
LOAD build/ff_gen_drv.o
LOAD build/syscall.o
LOAD build/libjpeg.o
LOAD build/jdata_conf.o
LOAD build/jcapimin.o
LOAD build/jcapistd.o
LOAD build/jdapimin.o
LOAD build/jdapistd.o
LOAD build/jcomapi.o
LOAD build/jcparam.o
LOAD build/jctrans.o
LOAD build/jdtrans.o
LOAD build/jcinit.o
LOAD build/jcmaster.o
LOAD build/jcmainct.o
LOAD build/jcprepct.o
LOAD build/jccoefct.o
LOAD build/jccolor.o
LOAD build/jcsample.o
LOAD build/jcdctmgr.o
LOAD build/jfdctint.o
LOAD build/jfdctfst.o
LOAD build/jfdctflt.o
LOAD build/jchuff.o
LOAD build/jcarith.o
LOAD build/jcmarker.o
LOAD build/jdatadst.o
LOAD build/jdmaster.o
LOAD build/jdinput.o
LOAD build/jdmainct.o
LOAD build/jdcoefct.o
LOAD build/jdpostct.o
LOAD build/jdmarker.o
LOAD build/jdhuff.o
LOAD build/jdarith.o
LOAD build/jddctmgr.o
LOAD build/jidctint.o
LOAD build/jidctfst.o
LOAD build/jidctflt.o
LOAD build/jdsample.o
LOAD build/jdcolor.o
LOAD build/jdmerge.o
LOAD build/jquant1.o
LOAD build/jquant2.o
LOAD build/jdatasrc.o
LOAD build/jaricom.o
LOAD build/jerror.o
LOAD build/jmemmgr.o
LOAD build/jutils.o
LOAD build/jmemnobs.o
LOAD build/startup_stm32h750xx.o
LOAD /Applications/ArmGNUToolchain/13.3.rel1/arm-none-eabi/bin/../lib/gcc/arm-none-eabi/13.3.1/../../../../arm-none-eabi/lib/thumb/v7e-m+dp/hard/libc_nano.a
LOAD /Applications/ArmGNUToolchain/13.3.rel1/arm-none-eabi/bin/../lib/gcc/arm-none-eabi/13.3.1/../../../../arm-none-eabi/lib/thumb/v7e-m+dp/hard/libm.a
LOAD /Applications/ArmGNUToolchain/13.3.rel1/arm-none-eabi/bin/../lib/gcc/arm-none-eabi/13.3.1/../../../../arm-none-eabi/lib/thumb/v7e-m+dp/hard/libnosys.a
START GROUP
LOAD /Applications/ArmGNUToolchain/13.3.rel1/arm-none-eabi/bin/../lib/gcc/arm-none-eabi/13.3.1/thumb/v7e-m+dp/hard/libgcc.a
LOAD /Applications/ArmGNUToolchain/13.3.rel1/arm-none-eabi/bin/../lib/gcc/arm-none-eabi/13.3.1/../../../../arm-none-eabi/lib/thumb/v7e-m+dp/hard/libc_nano.a
END GROUP
START GROUP
LOAD /Applications/ArmGNUToolchain/13.3.rel1/arm-none-eabi/bin/../lib/gcc/arm-none-eabi/13.3.1/thumb/v7e-m+dp/hard/libgcc.a
LOAD /Applications/ArmGNUToolchain/13.3.rel1/arm-none-eabi/bin/../lib/gcc/arm-none-eabi/13.3.1/../../../../arm-none-eabi/lib/thumb/v7e-m+dp/hard/libc_nano.a
END GROUP
LOAD /Applications/ArmGNUToolchain/13.3.rel1/arm-none-eabi/bin/../lib/gcc/arm-none-eabi/13.3.1/thumb/v7e-m+dp/hard/crtend.o
LOAD /Applications/ArmGNUToolchain/13.3.rel1/arm-none-eabi/bin/../lib/gcc/arm-none-eabi/13.3.1/thumb/v7e-m+dp/hard/crtn.o
                0x20020000                        _estack = (ORIGIN (DTCMRAM) + LENGTH (DTCMRAM))
                0x00001000                        _Min_Heap_Size = 0x1000
                0x00004000                        _Min_Stack_Size = 0x4000

.isr_vector     0x08000000      0x298
                0x08000000                        . = ALIGN (0x4)
 *(.isr_vector)
 .isr_vector    0x08000000      0x298 build/startup_stm32h750xx.o
                0x08000000                g_pfnVectors
                0x08000298                        . = ALIGN (0x4)

.text           0x080002a0     0xd8c4
                0x080002a0                        . = ALIGN (0x4)
 *(.text)
 .text          0x080002a0       0xa0 /Applications/ArmGNUToolchain/13.3.rel1/arm-none-eabi/bin/../lib/gcc/arm-none-eabi/13.3.1/../../../../arm-none-eabi/lib/thumb/v7e-m+dp/hard/libc_nano.a(libc_a-memchr.o)
                0x080002a0                memchr
 *(.text*)
 .text.deregister_tm_clones
                0x08000340       0x1c /Applications/ArmGNUToolchain/13.3.rel1/arm-none-eabi/bin/../lib/gcc/arm-none-eabi/13.3.1/thumb/v7e-m+dp/hard/crtbegin.o
 .text.register_tm_clones
                0x0800035c       0x24 /Applications/ArmGNUToolchain/13.3.rel1/arm-none-eabi/bin/../lib/gcc/arm-none-eabi/13.3.1/thumb/v7e-m+dp/hard/crtbegin.o
 .text.__do_global_dtors_aux
                0x08000380       0x28 /Applications/ArmGNUToolchain/13.3.rel1/arm-none-eabi/bin/../lib/gcc/arm-none-eabi/13.3.1/thumb/v7e-m+dp/hard/crtbegin.o
 .text.frame_dummy
                0x080003a8       0x24 /Applications/ArmGNUToolchain/13.3.rel1/arm-none-eabi/bin/../lib/gcc/arm-none-eabi/13.3.1/thumb/v7e-m+dp/hard/crtbegin.o
 .text.CPU_CACHE_Enable
                0x080003cc       0x9c build/main.o
 .text.MPU_Config
                0x08000468       0xc2 build/main.o
 *fill*         0x0800052a        0x2 
 .text.LED_Blink
                0x0800052c       0x30 build/main.o
                0x0800052c                LED_Blink
 .text.HAL_DCMI_FrameEventCallback
                0x0800055c       0x60 build/main.o
                0x0800055c                HAL_DCMI_FrameEventCallback
 .text.HAL_DCMI_VsyncEventCallback
                0x080005bc       0x18 build/main.o
                0x080005bc                HAL_DCMI_VsyncEventCallback
 .text.Error_Handler
                0x080005d4        0xc build/main.o
                0x080005d4                Error_Handler
 .text.DCMI_SetJPEGMode
                0x080005e0       0x28 build/main.o
 .text.DCMI_ReinitDMAMode
                0x08000608       0x24 build/main.o
 .text.Camera_SetMode
                0x0800062c       0x88 build/main.o
 .text.Camera_StartPreview
                0x080006b4        0xa build/main.o
                0x080006b4                Camera_StartPreview
 *fill*         0x080006be        0x2 
 .text.Camera_CaptureJPEG
                0x080006c0       0x1c build/main.o
                0x080006c0                Camera_CaptureJPEG
 .text.SystemClock_Config
                0x080006dc       0xd8 build/main.o
                0x080006dc                SystemClock_Config
 .text.main     0x080007b4      0x1a8 build/main.o
                0x080007b4                main
 .text.MX_GPIO_Init
                0x0800095c      0x124 build/gpio.o
                0x0800095c                MX_GPIO_Init
 .text.MX_DCMI_Init
                0x08000a80       0x68 build/dcmi.o
                0x08000a80                MX_DCMI_Init
 .text.HAL_DCMI_MspInit
                0x08000ae8      0x194 build/dcmi.o
                0x08000ae8                HAL_DCMI_MspInit
 .text.HAL_DCMI_MspDeInit
                0x08000c7c       0x70 build/dcmi.o
                0x08000c7c                HAL_DCMI_MspDeInit
 .text.MX_DMA_Init
                0x08000cec       0x38 build/dma.o
                0x08000cec                MX_DMA_Init
 .text.MX_I2C1_Init
                0x08000d24       0x58 build/i2c.o
                0x08000d24                MX_I2C1_Init
 .text.HAL_I2C_MspInit
                0x08000d7c       0xa0 build/i2c.o
                0x08000d7c                HAL_I2C_MspInit
 .text.MX_SDMMC1_SD_Init
                0x08000e1c       0x30 build/sdmmc.o
                0x08000e1c                MX_SDMMC1_SD_Init
 .text.HAL_SD_MspInit
                0x08000e4c       0xf8 build/sdmmc.o
                0x08000e4c                HAL_SD_MspInit
 .text.MX_SPI4_Init
                0x08000f44       0x60 build/spi.o
                0x08000f44                MX_SPI4_Init
 .text.HAL_SPI_MspInit
                0x08000fa4       0xa0 build/spi.o
                0x08000fa4                HAL_SPI_MspInit
 .text.to_lower
                0x08001044       0x10 build/capture.o
 .text.ensure_sd_mounted
                0x08001054       0x58 build/capture.o
 .text.parse_photo_id
                0x080010ac       0xfc build/capture.o
 .text.find_next_photo_id
                0x080011a8       0x68 build/capture.o
 .text.find_unused_filename
                0x08001210       0xc0 build/capture.o
 .text.take_A_Picture
                0x080012d0      0x2f4 build/capture.o
                0x080012d0                take_A_Picture
 .text.HAL_TIM_PWM_MspInit
                0x080015c4       0x34 build/tim.o
                0x080015c4                HAL_TIM_PWM_MspInit
 .text.HAL_TIM_MspPostInit
                0x080015f8       0x5c build/tim.o
                0x080015f8                HAL_TIM_MspPostInit
 .text.MX_TIM1_Init
                0x08001654       0xcc build/tim.o
                0x08001654                MX_TIM1_Init
 .text.NMI_Handler
                0x08001720        0x2 build/stm32h7xx_it.o
                0x08001720                NMI_Handler
 .text.HardFault_Handler
                0x08001722        0x2 build/stm32h7xx_it.o
                0x08001722                HardFault_Handler
 .text.MemManage_Handler
                0x08001724        0x2 build/stm32h7xx_it.o
                0x08001724                MemManage_Handler
 .text.BusFault_Handler
                0x08001726        0x2 build/stm32h7xx_it.o
                0x08001726                BusFault_Handler
 .text.UsageFault_Handler
                0x08001728        0x2 build/stm32h7xx_it.o
                0x08001728                UsageFault_Handler
 .text.SVC_Handler
                0x0800172a        0x2 build/stm32h7xx_it.o
                0x0800172a                SVC_Handler
 .text.DebugMon_Handler
                0x0800172c        0x2 build/stm32h7xx_it.o
                0x0800172c                DebugMon_Handler
 .text.PendSV_Handler
                0x0800172e        0x2 build/stm32h7xx_it.o
                0x0800172e                PendSV_Handler
 .text.SysTick_Handler
                0x08001730        0x8 build/stm32h7xx_it.o
                0x08001730                SysTick_Handler
 .text.DMA1_Stream0_IRQHandler
                0x08001738       0x10 build/stm32h7xx_it.o
                0x08001738                DMA1_Stream0_IRQHandler
 .text.SDMMC1_IRQHandler
                0x08001748       0x10 build/stm32h7xx_it.o
                0x08001748                SDMMC1_IRQHandler
 .text.DCMI_IRQHandler
                0x08001758       0x10 build/stm32h7xx_it.o
                0x08001758                DCMI_IRQHandler
 .text.TIM16_IRQHandler
                0x08001768       0x10 build/stm32h7xx_it.o
                0x08001768                TIM16_IRQHandler
 .text.HAL_MspInit
                0x08001778       0x24 build/stm32h7xx_hal_msp.o
                0x08001778                HAL_MspInit
 .text.HAL_RCC_OscConfig
                0x0800179c      0x6b0 build/stm32h7xx_hal_rcc.o
                0x0800179c                HAL_RCC_OscConfig
 .text.HAL_RCC_MCOConfig
                0x08001e4c       0xa4 build/stm32h7xx_hal_rcc.o
                0x08001e4c                HAL_RCC_MCOConfig
 .text.HAL_RCC_GetSysClockFreq
                0x08001ef0      0x1f8 build/stm32h7xx_hal_rcc.o
                0x08001ef0                HAL_RCC_GetSysClockFreq
 .text.HAL_RCC_ClockConfig
                0x080020e8      0x294 build/stm32h7xx_hal_rcc.o
                0x080020e8                HAL_RCC_ClockConfig
 .text.HAL_RCC_GetHCLKFreq
                0x0800237c       0x44 build/stm32h7xx_hal_rcc.o
                0x0800237c                HAL_RCC_GetHCLKFreq
 .text.HAL_RCC_GetPCLK1Freq
                0x080023c0       0x24 build/stm32h7xx_hal_rcc.o
                0x080023c0                HAL_RCC_GetPCLK1Freq
 .text.RCCEx_PLL2_Config
                0x080023e4      0x108 build/stm32h7xx_hal_rcc_ex.o
 .text.RCCEx_PLL3_Config
                0x080024ec      0x108 build/stm32h7xx_hal_rcc_ex.o
 .text.HAL_RCCEx_PeriphCLKConfig
                0x080025f4      0xaac build/stm32h7xx_hal_rcc_ex.o
                0x080025f4                HAL_RCCEx_PeriphCLKConfig
 .text.HAL_RCCEx_GetD3PCLK1Freq
                0x080030a0       0x24 build/stm32h7xx_hal_rcc_ex.o
                0x080030a0                HAL_RCCEx_GetD3PCLK1Freq
 .text.HAL_RCCEx_GetPLL2ClockFreq
                0x080030c4      0x200 build/stm32h7xx_hal_rcc_ex.o
                0x080030c4                HAL_RCCEx_GetPLL2ClockFreq
 .text.HAL_RCCEx_GetPLL3ClockFreq
                0x080032c4      0x200 build/stm32h7xx_hal_rcc_ex.o
                0x080032c4                HAL_RCCEx_GetPLL3ClockFreq
 .text.HAL_RCCEx_GetPLL1ClockFreq
                0x080034c4      0x200 build/stm32h7xx_hal_rcc_ex.o
                0x080034c4                HAL_RCCEx_GetPLL1ClockFreq
 .text.HAL_RCCEx_GetPeriphCLKFreq
                0x080036c4      0x6dc build/stm32h7xx_hal_rcc_ex.o
                0x080036c4                HAL_RCCEx_GetPeriphCLKFreq
 .text.HAL_GPIO_Init
                0x08003da0      0x220 build/stm32h7xx_hal_gpio.o
                0x08003da0                HAL_GPIO_Init
 .text.HAL_GPIO_DeInit
                0x08003fc0      0x150 build/stm32h7xx_hal_gpio.o
                0x08003fc0                HAL_GPIO_DeInit
 .text.HAL_GPIO_ReadPin
                0x08004110        0xe build/stm32h7xx_hal_gpio.o
                0x08004110                HAL_GPIO_ReadPin
 .text.HAL_GPIO_WritePin
                0x0800411e        0xc build/stm32h7xx_hal_gpio.o
                0x0800411e                HAL_GPIO_WritePin
 .text.HAL_GPIO_TogglePin
                0x0800412a       0x12 build/stm32h7xx_hal_gpio.o
                0x0800412a                HAL_GPIO_TogglePin
 .text.DMA_SetConfig
                0x0800413c      0x1b4 build/stm32h7xx_hal_dma.o
 .text.DMA_CalcBaseAndBitshift
                0x080042f0       0xb0 build/stm32h7xx_hal_dma.o
 .text.DMA_CheckFifoParam
                0x080043a0       0x92 build/stm32h7xx_hal_dma.o
 *fill*         0x08004432        0x2 
 .text.DMA_CalcDMAMUXChannelBaseAndMask
                0x08004434       0xac build/stm32h7xx_hal_dma.o
 .text.DMA_CalcDMAMUXRequestGenBaseAndMask
                0x080044e0       0x7c build/stm32h7xx_hal_dma.o
 .text.HAL_DMA_Init
                0x0800455c      0x3a4 build/stm32h7xx_hal_dma.o
                0x0800455c                HAL_DMA_Init
 .text.HAL_DMA_DeInit
                0x08004900      0x1d4 build/stm32h7xx_hal_dma.o
                0x08004900                HAL_DMA_DeInit
 .text.HAL_DMA_Start_IT
                0x08004ad4      0x298 build/stm32h7xx_hal_dma.o
                0x08004ad4                HAL_DMA_Start_IT
 .text.HAL_DMA_Abort
                0x08004d6c      0x340 build/stm32h7xx_hal_dma.o
                0x08004d6c                HAL_DMA_Abort
 .text.HAL_DMA_Abort_IT
                0x080050ac      0x270 build/stm32h7xx_hal_dma.o
                0x080050ac                HAL_DMA_Abort_IT
 .text.HAL_DMA_IRQHandler
                0x0800531c      0x738 build/stm32h7xx_hal_dma.o
                0x0800531c                HAL_DMA_IRQHandler
 .text.DMA_MultiBufferSetConfig
                0x08005a54       0xa8 build/stm32h7xx_hal_dma_ex.o
 .text.HAL_DMAEx_MultiBufferStart_IT
                0x08005afc      0x398 build/stm32h7xx_hal_dma_ex.o
                0x08005afc                HAL_DMAEx_MultiBufferStart_IT
 .text.HAL_DMAEx_ChangeMemory
                0x08005e94       0x88 build/stm32h7xx_hal_dma_ex.o
                0x08005e94                HAL_DMAEx_ChangeMemory
 .text.HAL_PWREx_ConfigSupply
                0x08005f1c       0x54 build/stm32h7xx_hal_pwr_ex.o
                0x08005f1c                HAL_PWREx_ConfigSupply
 .text.__NVIC_EnableIRQ
                0x08005f70       0x1c build/stm32h7xx_hal_cortex.o
 .text.__NVIC_DisableIRQ
                0x08005f8c       0x24 build/stm32h7xx_hal_cortex.o
 .text.__NVIC_SetPriority
                0x08005fb0       0x24 build/stm32h7xx_hal_cortex.o
 .text.NVIC_EncodePriority
                0x08005fd4       0x3e build/stm32h7xx_hal_cortex.o
 *fill*         0x08006012        0x2 
 .text.HAL_NVIC_SetPriorityGrouping
                0x08006014       0x24 build/stm32h7xx_hal_cortex.o
                0x08006014                HAL_NVIC_SetPriorityGrouping
 .text.HAL_NVIC_SetPriority
                0x08006038       0x20 build/stm32h7xx_hal_cortex.o
                0x08006038                HAL_NVIC_SetPriority
 .text.HAL_NVIC_EnableIRQ
                0x08006058        0x8 build/stm32h7xx_hal_cortex.o
                0x08006058                HAL_NVIC_EnableIRQ
 .text.HAL_NVIC_DisableIRQ
                0x08006060        0x8 build/stm32h7xx_hal_cortex.o
                0x08006060                HAL_NVIC_DisableIRQ
 .text.HAL_SYSTICK_Config
                0x08006068       0x28 build/stm32h7xx_hal_cortex.o
                0x08006068                HAL_SYSTICK_Config
 .text.HAL_MPU_Disable
                0x08006090       0x1c build/stm32h7xx_hal_cortex.o
                0x08006090                HAL_MPU_Disable
 .text.HAL_MPU_Enable
                0x080060ac       0x20 build/stm32h7xx_hal_cortex.o
                0x080060ac                HAL_MPU_Enable
 .text.HAL_MPU_ConfigRegion
                0x080060cc       0x58 build/stm32h7xx_hal_cortex.o
                0x080060cc                HAL_MPU_ConfigRegion
 .text.HAL_InitTick
                0x08006124       0x50 build/stm32h7xx_hal.o
                0x08006124                HAL_InitTick
 .text.HAL_Init
                0x08006174       0x5c build/stm32h7xx_hal.o
                0x08006174                HAL_Init
 .text.HAL_IncTick
                0x080061d0       0x18 build/stm32h7xx_hal.o
                0x080061d0                HAL_IncTick
 .text.HAL_GetTick
                0x080061e8        0xc build/stm32h7xx_hal.o
                0x080061e8                HAL_GetTick
 .text.HAL_Delay
                0x080061f4       0x28 build/stm32h7xx_hal.o
                0x080061f4                HAL_Delay
 .text.HAL_GetREVID
                0x0800621c        0xc build/stm32h7xx_hal.o
                0x0800621c                HAL_GetREVID
 .text.HAL_GetDEVID
                0x08006228       0x10 build/stm32h7xx_hal.o
                0x08006228                HAL_GetDEVID
 .text.I2C_Flush_TXDR
                0x08006238       0x22 build/stm32h7xx_hal_i2c.o
 .text.I2C_TransferConfig
                0x0800625a       0x3c build/stm32h7xx_hal_i2c.o
 .text.I2C_IsErrorOccurred
                0x08006296      0x118 build/stm32h7xx_hal_i2c.o
 .text.I2C_WaitOnTXISFlagUntilTimeout
                0x080063ae       0x60 build/stm32h7xx_hal_i2c.o
 .text.I2C_WaitOnFlagUntilTimeout
                0x0800640e       0x7c build/stm32h7xx_hal_i2c.o
 *fill*         0x0800648a        0x2 
 .text.I2C_RequestMemoryRead
                0x0800648c       0x78 build/stm32h7xx_hal_i2c.o
 .text.I2C_WaitOnSTOPFlagUntilTimeout
                0x08006504       0x5e build/stm32h7xx_hal_i2c.o
 .text.I2C_WaitOnRXNEFlagUntilTimeout
                0x08006562       0xaa build/stm32h7xx_hal_i2c.o
 .text.HAL_I2C_Init
                0x0800660c       0xc8 build/stm32h7xx_hal_i2c.o
                0x0800660c                HAL_I2C_Init
 .text.HAL_I2C_Master_Transmit
                0x080066d4      0x1a4 build/stm32h7xx_hal_i2c.o
                0x080066d4                HAL_I2C_Master_Transmit
 .text.HAL_I2C_Master_Receive
                0x08006878      0x17c build/stm32h7xx_hal_i2c.o
                0x08006878                HAL_I2C_Master_Receive
 .text.HAL_I2C_Mem_Read
                0x080069f4      0x1b0 build/stm32h7xx_hal_i2c.o
                0x080069f4                HAL_I2C_Mem_Read
 .text.HAL_I2CEx_ConfigAnalogFilter
                0x08006ba4       0x5c build/stm32h7xx_hal_i2c_ex.o
                0x08006ba4                HAL_I2CEx_ConfigAnalogFilter
 .text.HAL_I2CEx_ConfigDigitalFilter
                0x08006c00       0x58 build/stm32h7xx_hal_i2c_ex.o
                0x08006c00                HAL_I2CEx_ConfigDigitalFilter
 .text.DCMI_DMAXferCplt
                0x08006c58       0xa0 build/stm32h7xx_hal_dcmi.o
 .text.HAL_DCMI_Init
                0x08006cf8       0xa0 build/stm32h7xx_hal_dcmi.o
                0x08006cf8                HAL_DCMI_Init
 .text.HAL_DCMI_DeInit
                0x08006d98       0x16 build/stm32h7xx_hal_dcmi.o
                0x08006d98                HAL_DCMI_DeInit
 *fill*         0x08006dae        0x2 
 .text.HAL_DCMI_Start_DMA
                0x08006db0       0xec build/stm32h7xx_hal_dcmi.o
                0x08006db0                HAL_DCMI_Start_DMA
 .text.HAL_DCMI_Stop
                0x08006e9c       0x84 build/stm32h7xx_hal_dcmi.o
                0x08006e9c                HAL_DCMI_Stop
 .text.HAL_DCMI_ErrorCallback
                0x08006f20        0x2 build/stm32h7xx_hal_dcmi.o
                0x08006f20                HAL_DCMI_ErrorCallback
 .text.DCMI_DMAError
                0x08006f22       0x20 build/stm32h7xx_hal_dcmi.o
 .text.HAL_DCMI_LineEventCallback
                0x08006f42        0x2 build/stm32h7xx_hal_dcmi.o
                0x08006f42                HAL_DCMI_LineEventCallback
 .text.HAL_DCMI_IRQHandler
                0x08006f44       0xb0 build/stm32h7xx_hal_dcmi.o
                0x08006f44                HAL_DCMI_IRQHandler
 .text.SDMMC_GetCmdError
                0x08006ff4       0x3c build/stm32h7xx_ll_sdmmc.o
 .text.SDMMC_Init
                0x08007030       0x30 build/stm32h7xx_ll_sdmmc.o
                0x08007030                SDMMC_Init
 .text.SDMMC_ReadFIFO
                0x08007060        0x6 build/stm32h7xx_ll_sdmmc.o
                0x08007060                SDMMC_ReadFIFO
 .text.SDMMC_WriteFIFO
                0x08007066        0xa build/stm32h7xx_ll_sdmmc.o
                0x08007066                SDMMC_WriteFIFO
 .text.SDMMC_PowerState_ON
                0x08007070        0xc build/stm32h7xx_ll_sdmmc.o
                0x08007070                SDMMC_PowerState_ON
 .text.SDMMC_GetPowerState
                0x0800707c        0x8 build/stm32h7xx_ll_sdmmc.o
                0x0800707c                SDMMC_GetPowerState
 .text.SDMMC_SendCommand
                0x08007084       0x24 build/stm32h7xx_ll_sdmmc.o
                0x08007084                SDMMC_SendCommand
 .text.SDMMC_GetCommandResponse
                0x080070a8        0x6 build/stm32h7xx_ll_sdmmc.o
                0x080070a8                SDMMC_GetCommandResponse
 .text.SDMMC_GetResponse
                0x080070ae        0x6 build/stm32h7xx_ll_sdmmc.o
                0x080070ae                SDMMC_GetResponse
 .text.SDMMC_ConfigData
                0x080070b4       0x24 build/stm32h7xx_ll_sdmmc.o
                0x080070b4                SDMMC_ConfigData
 .text.SDMMC_CmdGoIdleState
                0x080070d8       0x26 build/stm32h7xx_ll_sdmmc.o
                0x080070d8                SDMMC_CmdGoIdleState
 *fill*         0x080070fe        0x2 
 .text.SDMMC_GetCmdResp1
                0x08007100      0x160 build/stm32h7xx_ll_sdmmc.o
                0x08007100                SDMMC_GetCmdResp1
 .text.SDMMC_CmdBlockLength
                0x08007260       0x32 build/stm32h7xx_ll_sdmmc.o
                0x08007260                SDMMC_CmdBlockLength
 .text.SDMMC_CmdReadSingleBlock
                0x08007292       0x32 build/stm32h7xx_ll_sdmmc.o
                0x08007292                SDMMC_CmdReadSingleBlock
 .text.SDMMC_CmdReadMultiBlock
                0x080072c4       0x32 build/stm32h7xx_ll_sdmmc.o
                0x080072c4                SDMMC_CmdReadMultiBlock
 .text.SDMMC_CmdWriteSingleBlock
                0x080072f6       0x32 build/stm32h7xx_ll_sdmmc.o
                0x080072f6                SDMMC_CmdWriteSingleBlock
 .text.SDMMC_CmdWriteMultiBlock
                0x08007328       0x32 build/stm32h7xx_ll_sdmmc.o
                0x08007328                SDMMC_CmdWriteMultiBlock
 *fill*         0x0800735a        0x2 
 .text.SDMMC_CmdStopTransfer
                0x0800735c       0x58 build/stm32h7xx_ll_sdmmc.o
                0x0800735c                SDMMC_CmdStopTransfer
 .text.SDMMC_CmdSelDesel
                0x080073b4       0x32 build/stm32h7xx_ll_sdmmc.o
                0x080073b4                SDMMC_CmdSelDesel
 .text.SDMMC_CmdAppCommand
                0x080073e6       0x32 build/stm32h7xx_ll_sdmmc.o
                0x080073e6                SDMMC_CmdAppCommand
 .text.SDMMC_CmdBusWidth
                0x08007418       0x32 build/stm32h7xx_ll_sdmmc.o
                0x08007418                SDMMC_CmdBusWidth
 .text.SDMMC_CmdSendSCR
                0x0800744a       0x32 build/stm32h7xx_ll_sdmmc.o
                0x0800744a                SDMMC_CmdSendSCR
 .text.SDMMC_CmdSendStatus
                0x0800747c       0x32 build/stm32h7xx_ll_sdmmc.o
                0x0800747c                SDMMC_CmdSendStatus
 .text.SDMMC_CmdStatusRegister
                0x080074ae       0x32 build/stm32h7xx_ll_sdmmc.o
                0x080074ae                SDMMC_CmdStatusRegister
 .text.SDMMC_GetCmdResp2
                0x080074e0       0x60 build/stm32h7xx_ll_sdmmc.o
                0x080074e0                SDMMC_GetCmdResp2
 .text.SDMMC_CmdSendCID
                0x08007540       0x2c build/stm32h7xx_ll_sdmmc.o
                0x08007540                SDMMC_CmdSendCID
 .text.SDMMC_CmdSendCSD
                0x0800756c       0x2c build/stm32h7xx_ll_sdmmc.o
                0x0800756c                SDMMC_CmdSendCSD
 .text.SDMMC_GetCmdResp3
                0x08007598       0x50 build/stm32h7xx_ll_sdmmc.o
                0x08007598                SDMMC_GetCmdResp3
 .text.SDMMC_CmdAppOperCommand
                0x080075e8       0x2c build/stm32h7xx_ll_sdmmc.o
                0x080075e8                SDMMC_CmdAppOperCommand
 .text.SDMMC_GetCmdResp6
                0x08007614       0xa4 build/stm32h7xx_ll_sdmmc.o
                0x08007614                SDMMC_GetCmdResp6
 .text.SDMMC_CmdSetRelAdd
                0x080076b8       0x32 build/stm32h7xx_ll_sdmmc.o
                0x080076b8                SDMMC_CmdSetRelAdd
 *fill*         0x080076ea        0x2 
 .text.SDMMC_GetCmdResp7
                0x080076ec       0x64 build/stm32h7xx_ll_sdmmc.o
                0x080076ec                SDMMC_GetCmdResp7
 .text.SDMMC_CmdOperCond
                0x08007750       0x30 build/stm32h7xx_ll_sdmmc.o
                0x08007750                SDMMC_CmdOperCond
 .text.SD_PowerON
                0x08007780       0xc4 build/stm32h7xx_hal_sd.o
 .text.SD_Read_IT
                0x08007844       0x3c build/stm32h7xx_hal_sd.o
 .text.SD_Write_IT
                0x08007880       0x4c build/stm32h7xx_hal_sd.o
 .text.SD_SendSDStatus
                0x080078cc      0x108 build/stm32h7xx_hal_sd.o
 .text.SD_FindSCR
                0x080079d4      0x108 build/stm32h7xx_hal_sd.o
 .text.SD_WideBus_Enable
                0x08007adc       0x4e build/stm32h7xx_hal_sd.o
 .text.SD_WideBus_Disable
                0x08007b2a       0x4e build/stm32h7xx_hal_sd.o
 .text.SD_SendStatus
                0x08007b78       0x2c build/stm32h7xx_hal_sd.o
 .text.HAL_SD_ReadBlocks
                0x08007ba4      0x204 build/stm32h7xx_hal_sd.o
                0x08007ba4                HAL_SD_ReadBlocks
 .text.HAL_SD_WriteBlocks
                0x08007da8      0x214 build/stm32h7xx_hal_sd.o
                0x08007da8                HAL_SD_WriteBlocks
 .text.HAL_SD_ErrorCallback
                0x08007fbc        0x2 build/stm32h7xx_hal_sd.o
                0x08007fbc                HAL_SD_ErrorCallback
 .text.HAL_SD_GetCardCID
                0x08007fbe       0x52 build/stm32h7xx_hal_sd.o
                0x08007fbe                HAL_SD_GetCardCID
 .text.HAL_SD_GetCardCSD
                0x08008010      0x1b8 build/stm32h7xx_hal_sd.o
                0x08008010                HAL_SD_GetCardCSD
 .text.SD_InitCard
                0x080081c8       0xfc build/stm32h7xx_hal_sd.o
 .text.HAL_SD_InitCard
                0x080082c4       0xd4 build/stm32h7xx_hal_sd.o
                0x080082c4                HAL_SD_InitCard
 .text.HAL_SD_GetCardStatus
                0x08008398       0xd0 build/stm32h7xx_hal_sd.o
                0x08008398                HAL_SD_GetCardStatus
 .text.HAL_SD_GetCardInfo
                0x08008468       0x24 build/stm32h7xx_hal_sd.o
                0x08008468                HAL_SD_GetCardInfo
 .text.HAL_SD_ConfigWideBusOperation
                0x0800848c      0x158 build/stm32h7xx_hal_sd.o
                0x0800848c                HAL_SD_ConfigWideBusOperation
 .text.HAL_SD_GetCardState
                0x080085e4       0x22 build/stm32h7xx_hal_sd.o
                0x080085e4                HAL_SD_GetCardState
 .text.HAL_SD_Init
                0x08008606       0xba build/stm32h7xx_hal_sd.o
                0x08008606                HAL_SD_Init
 .text.HAL_SDEx_Read_DMADoubleBuf0CpltCallback
                0x080086c0        0x2 build/stm32h7xx_hal_sd.o
                0x080086c0                HAL_SDEx_Read_DMADoubleBuf0CpltCallback
 .text.HAL_SDEx_Read_DMADoubleBuf1CpltCallback
                0x080086c2        0x2 build/stm32h7xx_hal_sd.o
                0x080086c2                HAL_SDEx_Read_DMADoubleBuf1CpltCallback
 .text.HAL_SDEx_Write_DMADoubleBuf0CpltCallback
                0x080086c4        0x2 build/stm32h7xx_hal_sd.o
                0x080086c4                HAL_SDEx_Write_DMADoubleBuf0CpltCallback
 .text.HAL_SDEx_Write_DMADoubleBuf1CpltCallback
                0x080086c6        0x2 build/stm32h7xx_hal_sd.o
                0x080086c6                HAL_SDEx_Write_DMADoubleBuf1CpltCallback
 .text.HAL_SD_IRQHandler
                0x080086c8      0x22c build/stm32h7xx_hal_sd.o
                0x080086c8                HAL_SD_IRQHandler
 .text.SPI_CloseTransfer
                0x080088f4       0xd0 build/stm32h7xx_hal_spi.o
 .text.SPI_GetPacketSize
                0x080089c4       0x10 build/stm32h7xx_hal_spi.o
 .text.SPI_WaitOnFlagUntilTimeout
                0x080089d4       0x48 build/stm32h7xx_hal_spi.o
 .text.HAL_SPI_Init
                0x08008a1c      0x190 build/stm32h7xx_hal_spi.o
                0x08008a1c                HAL_SPI_Init
 .text.HAL_SPI_Transmit
                0x08008bac      0x2c0 build/stm32h7xx_hal_spi.o
                0x08008bac                HAL_SPI_Transmit
 .text.HAL_SPI_Receive
                0x08008e6c      0x34c build/stm32h7xx_hal_spi.o
                0x08008e6c                HAL_SPI_Receive
 .text.TIM_OC1_SetConfig
                0x080091b8       0xa4 build/stm32h7xx_hal_tim.o
 .text.TIM_OC3_SetConfig
                0x0800925c       0x94 build/stm32h7xx_hal_tim.o
 .text.TIM_OC4_SetConfig
                0x080092f0       0x74 build/stm32h7xx_hal_tim.o
 .text.TIM_OC5_SetConfig
                0x08009364       0x74 build/stm32h7xx_hal_tim.o
 .text.TIM_OC6_SetConfig
                0x080093d8       0x74 build/stm32h7xx_hal_tim.o
 .text.HAL_TIM_OC_DelayElapsedCallback
                0x0800944c        0x2 build/stm32h7xx_hal_tim.o
                0x0800944c                HAL_TIM_OC_DelayElapsedCallback
 .text.HAL_TIM_IC_CaptureCallback
                0x0800944e        0x2 build/stm32h7xx_hal_tim.o
                0x0800944e                HAL_TIM_IC_CaptureCallback
 .text.HAL_TIM_PWM_PulseFinishedCallback
                0x08009450        0x2 build/stm32h7xx_hal_tim.o
                0x08009450                HAL_TIM_PWM_PulseFinishedCallback
 .text.HAL_TIM_TriggerCallback
                0x08009452        0x2 build/stm32h7xx_hal_tim.o
                0x08009452                HAL_TIM_TriggerCallback
 .text.HAL_TIM_IRQHandler
                0x08009454      0x17a build/stm32h7xx_hal_tim.o
                0x08009454                HAL_TIM_IRQHandler
 *fill*         0x080095ce        0x2 
 .text.TIM_Base_SetConfig
                0x080095d0      0x104 build/stm32h7xx_hal_tim.o
                0x080095d0                TIM_Base_SetConfig
 .text.HAL_TIM_PWM_Init
                0x080096d4       0x60 build/stm32h7xx_hal_tim.o
                0x080096d4                HAL_TIM_PWM_Init
 .text.TIM_OC2_SetConfig
                0x08009734       0x94 build/stm32h7xx_hal_tim.o
                0x08009734                TIM_OC2_SetConfig
 .text.HAL_TIM_PWM_ConfigChannel
                0x080097c8      0x13a build/stm32h7xx_hal_tim.o
                0x080097c8                HAL_TIM_PWM_ConfigChannel
 .text.TIM_CCxNChannelCmd
                0x08009902       0x1e build/stm32h7xx_hal_tim_ex.o
 .text.HAL_TIMEx_PWMN_Start
                0x08009920      0x100 build/stm32h7xx_hal_tim_ex.o
                0x08009920                HAL_TIMEx_PWMN_Start
 .text.HAL_TIMEx_MasterConfigSynchronization
                0x08009a20       0xa0 build/stm32h7xx_hal_tim_ex.o
                0x08009a20                HAL_TIMEx_MasterConfigSynchronization
 .text.HAL_TIMEx_ConfigBreakDeadTime
                0x08009ac0       0x90 build/stm32h7xx_hal_tim_ex.o
                0x08009ac0                HAL_TIMEx_ConfigBreakDeadTime
 .text.HAL_TIMEx_CommutCallback
                0x08009b50        0x2 build/stm32h7xx_hal_tim_ex.o
                0x08009b50                HAL_TIMEx_CommutCallback
 .text.HAL_TIMEx_BreakCallback
                0x08009b52        0x2 build/stm32h7xx_hal_tim_ex.o
                0x08009b52                HAL_TIMEx_BreakCallback
 .text.HAL_TIMEx_Break2Callback
                0x08009b54        0x2 build/stm32h7xx_hal_tim_ex.o
                0x08009b54                HAL_TIMEx_Break2Callback
 *fill*         0x08009b56        0x2 
 .text.SystemInit
                0x08009b58       0xf0 build/system_stm32h7xx.o
                0x08009b58                SystemInit
 .text.ExitRun0Mode
                0x08009c48       0x1c build/system_stm32h7xx.o
                0x08009c48                ExitRun0Mode
 .text.Camera_WriteReg
                0x08009c64       0x28 build/camera.o
                0x08009c64                Camera_WriteReg
 .text.Camera_ReadReg
                0x08009c8c       0x36 build/camera.o
                0x08009c8c                Camera_ReadReg
 .text.Camera_ReadRegb2
                0x08009cc2       0x24 build/camera.o
                0x08009cc2                Camera_ReadRegb2
 *fill*         0x08009ce6        0x2 
 .text.Camera_read_id
                0x08009ce8       0x90 build/camera.o
                0x08009ce8                Camera_read_id
 .text.Camera_Init_Device
                0x08009d78       0x40 build/camera.o
                0x08009d78                Camera_Init_Device
 .text.Camera_Picture_Device
                0x08009db8       0x3c build/camera.o
                0x08009db8                Camera_Picture_Device
 .text.wrSensorRegs
                0x08009df4       0x24 build/ov2640.o
 .text.OV2640_WR_Reg
                0x08009e18       0x20 build/ov2640.o
 .text.reset    0x08009e38       0x34 build/ov2640.o
 .text.set_quality
                0x08009e6c       0x24 build/ov2640.o
 .text.set_brightness
                0x08009e90       0x48 build/ov2640.o
 .text.OV2640_RD_Reg
                0x08009ed8       0x20 build/ov2640.o
 .text._set_framesize
                0x08009ef8       0xcc build/ov2640.o
 .text.set_hmirror
                0x08009fc4       0x28 build/ov2640.o
 .text.set_vflip
                0x08009fec       0x28 build/ov2640.o
 .text.set_pixformat
                0x0800a014       0xc8 build/ov2640.o
                0x0800a014                set_pixformat
 .text.ov2640_init
                0x0800a0dc       0x2c build/ov2640.o
                0x0800a0dc                ov2640_init
 .text.ov2640_init_pic
                0x0800a108       0x34 build/ov2640.o
                0x0800a108                ov2640_init_pic
 .text.ST7735_DeInit
                0x0800a13c        0x4 build/st7735.o
                0x0800a13c                ST7735_DeInit
 .text.ST7735_SetBrightness
                0x0800a140        0x6 build/st7735.o
                0x0800a140                ST7735_SetBrightness
 .text.ST7735_GetBrightness
                0x0800a146        0x6 build/st7735.o
                0x0800a146                ST7735_GetBrightness
 .text.ST7735_GetOrientation
                0x0800a14c       0x10 build/st7735.o
                0x0800a14c                ST7735_GetOrientation
 .text.ST7735_GetXSize
                0x0800a15c       0x10 build/st7735.o
                0x0800a15c                ST7735_GetXSize
 .text.ST7735_GetYSize
                0x0800a16c       0x10 build/st7735.o
                0x0800a16c                ST7735_GetYSize
 .text.ST7735_ReadRegWrap
                0x0800a17c        0xe build/st7735.o
 .text.ST7735_WriteRegWrap
                0x0800a18a       0x10 build/st7735.o
 .text.ST7735_SendDataWrap
                0x0800a19a        0xe build/st7735.o
 .text.ST7735_RecvDataWrap
                0x0800a1a8        0xe build/st7735.o
 .text.ST7735_IO_Delay
                0x0800a1b6       0x1a build/st7735.o
 .text.ST7735_DisplayOn
                0x0800a1d0       0x9c build/st7735.o
                0x0800a1d0                ST7735_DisplayOn
 .text.ST7735_DisplayOff
                0x0800a26c       0x9c build/st7735.o
                0x0800a26c                ST7735_DisplayOff
 .text.ST7735_SetDisplayWindow
                0x0800a308      0x168 build/st7735.o
 .text.ST7735_SetOrientation
                0x0800a470       0xc0 build/st7735.o
                0x0800a470                ST7735_SetOrientation
 .text.ST7735_Init
                0x0800a530      0x582 build/st7735.o
                0x0800a530                ST7735_Init
 *fill*         0x0800aab2        0x2 
 .text.ST7735_SetCursor
                0x0800aab4       0xf8 build/st7735.o
                0x0800aab4                ST7735_SetCursor
 .text.ST7735_DrawBitmap
                0x0800abac      0x174 build/st7735.o
                0x0800abac                ST7735_DrawBitmap
 .text.ST7735_FillRGBRect
                0x0800ad20       0x94 build/st7735.o
                0x0800ad20                ST7735_FillRGBRect
 .text.ST7735_DrawHLine
                0x0800adb4       0x60 build/st7735.o
                0x0800adb4                ST7735_DrawHLine
 .text.ST7735_FillRect
                0x0800ae14       0x44 build/st7735.o
                0x0800ae14                ST7735_FillRect
 .text.ST7735_SetPixel
                0x0800ae58       0x68 build/st7735.o
                0x0800ae58                ST7735_SetPixel
 .text.ST7735_DrawVLine
                0x0800aec0       0x48 build/st7735.o
                0x0800aec0                ST7735_DrawVLine
 .text.ST7735_ReadID
                0x0800af08       0x5e build/st7735.o
                0x0800af08                ST7735_ReadID
 .text.ST7735_GetPixel
                0x0800af66       0x62 build/st7735.o
                0x0800af66                ST7735_GetPixel
 .text.ST7735_RegisterBusIO
                0x0800afc8       0x5c build/st7735.o
                0x0800afc8                ST7735_RegisterBusIO
 .text.st7735_read_reg
                0x0800b024        0xa build/st7735_reg.o
                0x0800b024                st7735_read_reg
 .text.st7735_write_reg
                0x0800b02e        0xa build/st7735_reg.o
                0x0800b02e                st7735_write_reg
 .text.st7735_send_data
                0x0800b038        0xa build/st7735_reg.o
                0x0800b038                st7735_send_data
 .text.st7735_recv_data
                0x0800b042        0xa build/st7735_reg.o
                0x0800b042                st7735_recv_data
 .text.lcd_gettick
                0x0800b04c        0x8 build/lcd.o
 .text.lcd_recvdata
                0x0800b054       0x44 build/lcd.o
 .text.lcd_senddata
                0x0800b098       0x44 build/lcd.o
 .text.lcd_readreg
                0x0800b0dc       0x78 build/lcd.o
 .text.lcd_writereg
                0x0800b154       0x84 build/lcd.o
 .text.lcd_init
                0x0800b1d8       0x14 build/lcd.o
 .text.LCD_SetBrightness
                0x0800b1ec       0x20 build/lcd.o
                0x0800b1ec                LCD_SetBrightness
 .text.LCD_GetBrightness
                0x0800b20c       0x20 build/lcd.o
                0x0800b20c                LCD_GetBrightness
 .text.LCD_SoftPWMCtrlRun
                0x0800b22c       0x50 build/lcd.o
                0x0800b22c                LCD_SoftPWMCtrlRun
 .text.HAL_TIM_PeriodElapsedCallback
                0x0800b27c       0x18 build/lcd.o
                0x0800b27c                HAL_TIM_PeriodElapsedCallback
 .text.LCD_Light
                0x0800b294       0x7c build/lcd.o
                0x0800b294                LCD_Light
 .text.LCD_ShowChar
                0x0800b310      0x24c build/lcd.o
                0x0800b310                LCD_ShowChar
 .text.LCD_ShowString
                0x0800b55c       0x5a build/lcd.o
                0x0800b55c                LCD_ShowString
 *fill*         0x0800b5b6        0x2 
 .text.LCD_Test
                0x0800b5b8      0x1b0 build/lcd.o
                0x0800b5b8                LCD_Test
 .text._sbrk    0x0800b768       0x48 build/sysmem.o
                0x0800b768                _sbrk
 .text.BSP_SD_ReadBlocks
                0x0800b7b0       0x20 build/bsp_driver_sd.o
                0x0800b7b0                BSP_SD_ReadBlocks
 .text.BSP_SD_WriteBlocks
                0x0800b7d0       0x20 build/bsp_driver_sd.o
                0x0800b7d0                BSP_SD_WriteBlocks
 .text.BSP_SD_GetCardState
                0x0800b7f0       0x14 build/bsp_driver_sd.o
                0x0800b7f0                BSP_SD_GetCardState
 .text.BSP_SD_GetCardInfo
                0x0800b804       0x10 build/bsp_driver_sd.o
                0x0800b804                BSP_SD_GetCardInfo
 .text.BSP_SD_WriteCpltCallback
                0x0800b814        0x2 build/bsp_driver_sd.o
                0x0800b814                BSP_SD_WriteCpltCallback
 .text.HAL_SD_TxCpltCallback
                0x0800b816        0x8 build/bsp_driver_sd.o
                0x0800b816                HAL_SD_TxCpltCallback
 .text.BSP_SD_ReadCpltCallback
                0x0800b81e        0x2 build/bsp_driver_sd.o
                0x0800b81e                BSP_SD_ReadCpltCallback
 .text.HAL_SD_RxCpltCallback
                0x0800b820        0x8 build/bsp_driver_sd.o
                0x0800b820                HAL_SD_RxCpltCallback
 .text.BSP_SD_IsDetected
                0x0800b828       0x20 build/bsp_driver_sd.o
                0x0800b828                BSP_SD_IsDetected
 .text.BSP_SD_Init
                0x0800b848       0x34 build/bsp_driver_sd.o
                0x0800b848                BSP_SD_Init
 .text.SD_CheckStatus
                0x0800b87c       0x24 build/sd_diskio.o
 .text.SD_initialize
                0x0800b8a0       0x28 build/sd_diskio.o
                0x0800b8a0                SD_initialize
 .text.SD_status
                0x0800b8c8        0x8 build/sd_diskio.o
                0x0800b8c8                SD_status
 .text.SD_read  0x0800b8d0       0x24 build/sd_diskio.o
                0x0800b8d0                SD_read
 .text.SD_write
                0x0800b8f4       0x24 build/sd_diskio.o
                0x0800b8f4                SD_write
 .text.SD_ioctl
                0x0800b918       0x58 build/sd_diskio.o
                0x0800b918                SD_ioctl
 .text.MX_FATFS_Init
                0x0800b970       0x1c build/fatfs.o
                0x0800b970                MX_FATFS_Init
 .text.get_fattime
                0x0800b98c        0x4 build/fatfs.o
                0x0800b98c                get_fattime
 .text.BSP_PlatformIsDetected
                0x0800b990       0x1c build/fatfs_platform.o
                0x0800b990                BSP_PlatformIsDetected
 .text.disk_status
                0x0800b9ac       0x18 build/diskio.o
                0x0800b9ac                disk_status
 .text.disk_initialize
                0x0800b9c4       0x2c build/diskio.o
                0x0800b9c4                disk_initialize
 .text.disk_read
                0x0800b9f0       0x18 build/diskio.o
                0x0800b9f0                disk_read
 .text.disk_write
                0x0800ba08       0x18 build/diskio.o
                0x0800ba08                disk_write
 .text.disk_ioctl
                0x0800ba20       0x18 build/diskio.o
                0x0800ba20                disk_ioctl
 .text.ld_word  0x0800ba38        0xa build/ff.o
 .text.ld_dword
                0x0800ba42       0x16 build/ff.o
 .text.st_word  0x0800ba58        0x8 build/ff.o
 .text.st_dword
                0x0800ba60       0x14 build/ff.o
 .text.mem_cpy  0x0800ba74       0x14 build/ff.o
 .text.mem_set  0x0800ba88        0xa build/ff.o
 .text.mem_cmp  0x0800ba92       0x1a build/ff.o
 .text.chk_chr  0x0800baac       0x10 build/ff.o
 .text.chk_lock
                0x0800babc       0x7c build/ff.o
 .text.enq_lock
                0x0800bb38       0x20 build/ff.o
 .text.inc_lock
                0x0800bb58       0xa0 build/ff.o
 .text.dec_lock
                0x0800bbf8       0x40 build/ff.o
 .text.clear_lock
                0x0800bc38       0x3c build/ff.o
 .text.clust2sect
                0x0800bc74       0x18 build/ff.o
 .text.clmt_clust
                0x0800bc8c       0x22 build/ff.o
 .text.ld_clust
                0x0800bcae       0x26 build/ff.o
 .text.st_clust
                0x0800bcd4       0x26 build/ff.o
 .text.get_fileinfo
                0x0800bcfa       0x6a build/ff.o
 .text.create_name
                0x0800bd64       0xd0 build/ff.o
 .text.get_ldnumber
                0x0800be34       0x48 build/ff.o
 .text.validate
                0x0800be7c       0x46 build/ff.o
 .text.sync_window
                0x0800bec2       0x54 build/ff.o
 .text.move_window
                0x0800bf16       0x36 build/ff.o
 .text.check_fs
                0x0800bf4c       0x78 build/ff.o
 .text.find_volume
                0x0800bfc4      0x2fc build/ff.o
 .text.put_fat  0x0800c2c0      0x104 build/ff.o
 .text.get_fat  0x0800c3c4       0xd0 build/ff.o
 .text.dir_sdi  0x0800c494       0xac build/ff.o
 .text.create_chain
                0x0800c540       0xd6 build/ff.o
 .text.remove_chain
                0x0800c616       0x7e build/ff.o
 .text.dir_next
                0x0800c694      0x108 build/ff.o
 .text.dir_find
                0x0800c79c       0x5a build/ff.o
 .text.follow_path
                0x0800c7f6       0x8c build/ff.o
 .text.dir_alloc
                0x0800c882       0x4e build/ff.o
 .text.dir_register
                0x0800c8d0       0x3e build/ff.o
 .text.dir_read
                0x0800c90e       0x5e build/ff.o
 .text.sync_fs  0x0800c96c       0x8c build/ff.o
 .text.f_mount  0x0800c9f8       0x60 build/ff.o
                0x0800c9f8                f_mount
 .text.f_open   0x0800ca58      0x222 build/ff.o
                0x0800ca58                f_open
 .text.f_write  0x0800cc7a      0x1fc build/ff.o
                0x0800cc7a                f_write
 .text.f_sync   0x0800ce76       0x98 build/ff.o
                0x0800ce76                f_sync
 .text.f_close  0x0800cf0e       0x2a build/ff.o
                0x0800cf0e                f_close
 .text.f_opendir
                0x0800cf38       0x8e build/ff.o
                0x0800cf38                f_opendir
 .text.f_closedir
                0x0800cfc6       0x24 build/ff.o
                0x0800cfc6                f_closedir
 .text.f_readdir
                0x0800cfea       0x4e build/ff.o
                0x0800cfea                f_readdir
 .text.f_stat   0x0800d038       0x44 build/ff.o
                0x0800d038                f_stat
 .text.FATFS_LinkDriverEx
                0x0800d07c       0x54 build/ff_gen_drv.o
                0x0800d07c                FATFS_LinkDriverEx
 .text.FATFS_LinkDriver
                0x0800d0d0        0xa build/ff_gen_drv.o
                0x0800d0d0                FATFS_LinkDriver
 *fill*         0x0800d0da        0x2 
 .text.Reset_Handler
                0x0800d0dc       0x54 build/startup_stm32h750xx.o
                0x0800d0dc                Reset_Handler
 .text.Default_Handler
                0x0800d130        0x2 build/startup_stm32h750xx.o
                0x0800d130                DMA1_Stream3_IRQHandler
                0x0800d130                HASH_RNG_IRQHandler
                0x0800d130                EXTI2_IRQHandler
                0x0800d130                TIM8_CC_IRQHandler
                0x0800d130                HRTIM1_Master_IRQHandler
                0x0800d130                UART8_IRQHandler
                0x0800d130                SPI4_IRQHandler
                0x0800d130                TIM1_CC_IRQHandler
                0x0800d130                BDMA_Channel6_IRQHandler
                0x0800d130                DMA2_Stream5_IRQHandler
                0x0800d130                HRTIM1_FLT_IRQHandler
                0x0800d130                JPEG_IRQHandler
                0x0800d130                DMA1_Stream5_IRQHandler
                0x0800d130                BDMA_Channel1_IRQHandler
                0x0800d130                HRTIM1_TIMD_IRQHandler
                0x0800d130                TAMP_STAMP_IRQHandler
                0x0800d130                EXTI3_IRQHandler
                0x0800d130                LPTIM4_IRQHandler
                0x0800d130                TIM8_TRG_COM_TIM14_IRQHandler
                0x0800d130                LPTIM2_IRQHandler
                0x0800d130                DFSDM1_FLT1_IRQHandler
                0x0800d130                DMAMUX2_OVR_IRQHandler
                0x0800d130                TIM8_UP_TIM13_IRQHandler
                0x0800d130                I2C3_ER_IRQHandler
                0x0800d130                DFSDM1_FLT2_IRQHandler
                0x0800d130                MDMA_IRQHandler
                0x0800d130                LPTIM3_IRQHandler
                0x0800d130                HSEM1_IRQHandler
                0x0800d130                EXTI0_IRQHandler
                0x0800d130                I2C2_EV_IRQHandler
                0x0800d130                DMA1_Stream2_IRQHandler
                0x0800d130                FPU_IRQHandler
                0x0800d130                OTG_HS_WKUP_IRQHandler
                0x0800d130                FDCAN1_IT1_IRQHandler
                0x0800d130                LTDC_ER_IRQHandler
                0x0800d130                DMA2_Stream2_IRQHandler
                0x0800d130                HRTIM1_TIME_IRQHandler
                0x0800d130                SPI1_IRQHandler
                0x0800d130                TIM6_DAC_IRQHandler
                0x0800d130                HRTIM1_TIMC_IRQHandler
                0x0800d130                DMA2_Stream3_IRQHandler
                0x0800d130                SAI2_IRQHandler
                0x0800d130                DFSDM1_FLT3_IRQHandler
                0x0800d130                USART6_IRQHandler
                0x0800d130                TIM17_IRQHandler
                0x0800d130                USART3_IRQHandler
                0x0800d130                BDMA_Channel7_IRQHandler
                0x0800d130                CRYP_IRQHandler
                0x0800d130                LPTIM5_IRQHandler
                0x0800d130                UART5_IRQHandler
                0x0800d130                ADC3_IRQHandler
                0x0800d130                DMA2_Stream0_IRQHandler
                0x0800d130                TIM4_IRQHandler
                0x0800d130                BDMA_Channel2_IRQHandler
                0x0800d130                QUADSPI_IRQHandler
                0x0800d130                I2C1_EV_IRQHandler
                0x0800d130                DMA1_Stream6_IRQHandler
                0x0800d130                DMAMUX1_OVR_IRQHandler
                0x0800d130                DMA1_Stream1_IRQHandler
                0x0800d130                UART4_IRQHandler
                0x0800d130                BDMA_Channel5_IRQHandler
                0x0800d130                TIM3_IRQHandler
                0x0800d130                RCC_IRQHandler
                0x0800d130                TIM8_BRK_TIM12_IRQHandler
                0x0800d130                TIM1_TRG_COM_IRQHandler
                0x0800d130                Default_Handler
                0x0800d130                ECC_IRQHandler
                0x0800d130                CEC_IRQHandler
                0x0800d130                EXTI15_10_IRQHandler
                0x0800d130                BDMA_Channel0_IRQHandler
                0x0800d130                ADC_IRQHandler
                0x0800d130                DMA1_Stream7_IRQHandler
                0x0800d130                HRTIM1_TIMA_IRQHandler
                0x0800d130                SPI5_IRQHandler
                0x0800d130                TIM7_IRQHandler
                0x0800d130                TIM5_IRQHandler
                0x0800d130                DMA2_Stream7_IRQHandler
                0x0800d130                TIM15_IRQHandler
                0x0800d130                PVD_AVD_IRQHandler
                0x0800d130                I2C3_EV_IRQHandler
                0x0800d130                EXTI9_5_IRQHandler
                0x0800d130                RTC_WKUP_IRQHandler
                0x0800d130                LTDC_IRQHandler
                0x0800d130                SAI3_IRQHandler
                0x0800d130                ETH_WKUP_IRQHandler
                0x0800d130                SPDIF_RX_IRQHandler
                0x0800d130                SPI2_IRQHandler
                0x0800d130                OTG_HS_EP1_IN_IRQHandler
                0x0800d130                CRS_IRQHandler
                0x0800d130                EXTI4_IRQHandler
                0x0800d130                HRTIM1_TIMB_IRQHandler
                0x0800d130                FDCAN2_IT1_IRQHandler
                0x0800d130                ETH_IRQHandler
                0x0800d130                TIM1_UP_IRQHandler
                0x0800d130                BDMA_Channel4_IRQHandler
                0x0800d130                OTG_HS_EP1_OUT_IRQHandler
                0x0800d130                WWDG_IRQHandler
                0x0800d130                SPI6_IRQHandler
                0x0800d130                MDIOS_IRQHandler
                0x0800d130                I2C4_EV_IRQHandler
                0x0800d130                FDCAN2_IT0_IRQHandler
                0x0800d130                LPUART1_IRQHandler
                0x0800d130                FDCAN1_IT0_IRQHandler
                0x0800d130                TIM2_IRQHandler
                0x0800d130                OTG_FS_WKUP_IRQHandler
                0x0800d130                OTG_HS_IRQHandler
                0x0800d130                DMA2D_IRQHandler
                0x0800d130                TIM1_BRK_IRQHandler
                0x0800d130                EXTI1_IRQHandler
                0x0800d130                SDMMC2_IRQHandler
                0x0800d130                OTG_FS_EP1_OUT_IRQHandler
                0x0800d130                BDMA_Channel3_IRQHandler
                0x0800d130                UART7_IRQHandler
                0x0800d130                MDIOS_WKUP_IRQHandler
                0x0800d130                USART2_IRQHandler
                0x0800d130                DFSDM1_FLT0_IRQHandler
                0x0800d130                SAI4_IRQHandler
                0x0800d130                I2C2_ER_IRQHandler
                0x0800d130                DMA2_Stream1_IRQHandler
                0x0800d130                FLASH_IRQHandler
                0x0800d130                DMA2_Stream4_IRQHandler
                0x0800d130                USART1_IRQHandler
                0x0800d130                OTG_FS_IRQHandler
                0x0800d130                SPI3_IRQHandler
                0x0800d130                WAKEUP_PIN_IRQHandler
                0x0800d130                DMA1_Stream4_IRQHandler
                0x0800d130                OTG_FS_EP1_IN_IRQHandler
                0x0800d130                I2C1_ER_IRQHandler
                0x0800d130                FMC_IRQHandler
                0x0800d130                FDCAN_CAL_IRQHandler
                0x0800d130                SWPMI1_IRQHandler
                0x0800d130                COMP1_IRQHandler
                0x0800d130                LPTIM1_IRQHandler
                0x0800d130                I2C4_ER_IRQHandler
                0x0800d130                DMA2_Stream6_IRQHandler
                0x0800d130                SAI1_IRQHandler
                0x0800d130                RTC_Alarm_IRQHandler
 *fill*         0x0800d132        0x2 
 .text.sbrk_aligned
                0x0800d134       0x44 /Applications/ArmGNUToolchain/13.3.rel1/arm-none-eabi/bin/../lib/gcc/arm-none-eabi/13.3.1/../../../../arm-none-eabi/lib/thumb/v7e-m+dp/hard/libc_nano.a(libc_a-mallocr.o)
 .text._malloc_r
                0x0800d178      0x100 /Applications/ArmGNUToolchain/13.3.rel1/arm-none-eabi/bin/../lib/gcc/arm-none-eabi/13.3.1/../../../../arm-none-eabi/lib/thumb/v7e-m+dp/hard/libc_nano.a(libc_a-mallocr.o)
                0x0800d178                _malloc_r
 .text.snprintf
                0x0800d278       0x6c /Applications/ArmGNUToolchain/13.3.rel1/arm-none-eabi/bin/../lib/gcc/arm-none-eabi/13.3.1/../../../../arm-none-eabi/lib/thumb/v7e-m+dp/hard/libc_nano.a(libc_a-snprintf.o)
                0x0800d278                snprintf
                0x0800d278                sniprintf
 .text.__malloc_lock
                0x0800d2e4        0xc /Applications/ArmGNUToolchain/13.3.rel1/arm-none-eabi/bin/../lib/gcc/arm-none-eabi/13.3.1/../../../../arm-none-eabi/lib/thumb/v7e-m+dp/hard/libc_nano.a(libc_a-mlock.o)
                0x0800d2e4                __malloc_lock
 .text.__malloc_unlock
                0x0800d2f0        0xc /Applications/ArmGNUToolchain/13.3.rel1/arm-none-eabi/bin/../lib/gcc/arm-none-eabi/13.3.1/../../../../arm-none-eabi/lib/thumb/v7e-m+dp/hard/libc_nano.a(libc_a-mlock.o)
                0x0800d2f0                __malloc_unlock
 .text.sprintf  0x0800d2fc       0x44 /Applications/ArmGNUToolchain/13.3.rel1/arm-none-eabi/bin/../lib/gcc/arm-none-eabi/13.3.1/../../../../arm-none-eabi/lib/thumb/v7e-m+dp/hard/libc_nano.a(libc_a-sprintf.o)
                0x0800d2fc                sprintf
                0x0800d2fc                siprintf
 .text.memset   0x0800d340       0x10 /Applications/ArmGNUToolchain/13.3.rel1/arm-none-eabi/bin/../lib/gcc/arm-none-eabi/13.3.1/../../../../arm-none-eabi/lib/thumb/v7e-m+dp/hard/libc_nano.a(libc_a-memset.o)
                0x0800d340                memset
 .text.strncmp  0x0800d350       0x24 /Applications/ArmGNUToolchain/13.3.rel1/arm-none-eabi/bin/../lib/gcc/arm-none-eabi/13.3.1/../../../../arm-none-eabi/lib/thumb/v7e-m+dp/hard/libc_nano.a(libc_a-strncmp.o)
                0x0800d350                strncmp
 .text.strrchr  0x0800d374       0x2c /Applications/ArmGNUToolchain/13.3.rel1/arm-none-eabi/bin/../lib/gcc/arm-none-eabi/13.3.1/../../../../arm-none-eabi/lib/thumb/v7e-m+dp/hard/libc_nano.a(libc_a-strrchr.o)
                0x0800d374                strrchr
 .text._sbrk_r  0x0800d3a0       0x20 /Applications/ArmGNUToolchain/13.3.rel1/arm-none-eabi/bin/../lib/gcc/arm-none-eabi/13.3.1/../../../../arm-none-eabi/lib/thumb/v7e-m+dp/hard/libc_nano.a(libc_a-sbrkr.o)
                0x0800d3a0                _sbrk_r
 .text.__errno  0x0800d3c0        0xc /Applications/ArmGNUToolchain/13.3.rel1/arm-none-eabi/bin/../lib/gcc/arm-none-eabi/13.3.1/../../../../arm-none-eabi/lib/thumb/v7e-m+dp/hard/libc_nano.a(libc_a-errno.o)
                0x0800d3c0                __errno
 .text.__libc_init_array
                0x0800d3cc       0x48 /Applications/ArmGNUToolchain/13.3.rel1/arm-none-eabi/bin/../lib/gcc/arm-none-eabi/13.3.1/../../../../arm-none-eabi/lib/thumb/v7e-m+dp/hard/libc_nano.a(libc_a-init.o)
                0x0800d3cc                __libc_init_array
 .text.__retarget_lock_acquire_recursive
                0x0800d414        0x2 /Applications/ArmGNUToolchain/13.3.rel1/arm-none-eabi/bin/../lib/gcc/arm-none-eabi/13.3.1/../../../../arm-none-eabi/lib/thumb/v7e-m+dp/hard/libc_nano.a(libc_a-lock.o)
                0x0800d414                __retarget_lock_acquire_recursive
 .text.__retarget_lock_release_recursive
                0x0800d416        0x2 /Applications/ArmGNUToolchain/13.3.rel1/arm-none-eabi/bin/../lib/gcc/arm-none-eabi/13.3.1/../../../../arm-none-eabi/lib/thumb/v7e-m+dp/hard/libc_nano.a(libc_a-lock.o)
                0x0800d416                __retarget_lock_release_recursive
 .text.memcpy   0x0800d418       0x1c /Applications/ArmGNUToolchain/13.3.rel1/arm-none-eabi/bin/../lib/gcc/arm-none-eabi/13.3.1/../../../../arm-none-eabi/lib/thumb/v7e-m+dp/hard/libc_nano.a(libc_a-memcpy-stub.o)
                0x0800d418                memcpy
 .text._free_r  0x0800d434       0x94 /Applications/ArmGNUToolchain/13.3.rel1/arm-none-eabi/bin/../lib/gcc/arm-none-eabi/13.3.1/../../../../arm-none-eabi/lib/thumb/v7e-m+dp/hard/libc_nano.a(libc_a-freer.o)
                0x0800d434                _free_r
 .text.__ssputs_r
                0x0800d4c8       0xb6 /Applications/ArmGNUToolchain/13.3.rel1/arm-none-eabi/bin/../lib/gcc/arm-none-eabi/13.3.1/../../../../arm-none-eabi/lib/thumb/v7e-m+dp/hard/libc_nano.a(libc_a-nano-svfprintf.o)
                0x0800d4c8                __ssputs_r
 *fill*         0x0800d57e        0x2 
 .text._svfprintf_r
                0x0800d580      0x1f8 /Applications/ArmGNUToolchain/13.3.rel1/arm-none-eabi/bin/../lib/gcc/arm-none-eabi/13.3.1/../../../../arm-none-eabi/lib/thumb/v7e-m+dp/hard/libc_nano.a(libc_a-nano-svfprintf.o)
                0x0800d580                _svfprintf_r
                0x0800d580                _svfiprintf_r
 .text._printf_common
                0x0800d778       0xda /Applications/ArmGNUToolchain/13.3.rel1/arm-none-eabi/bin/../lib/gcc/arm-none-eabi/13.3.1/../../../../arm-none-eabi/lib/thumb/v7e-m+dp/hard/libc_nano.a(libc_a-nano-vfprintf_i.o)
                0x0800d778                _printf_common
 *fill*         0x0800d852        0x2 
 .text._printf_i
                0x0800d854      0x23c /Applications/ArmGNUToolchain/13.3.rel1/arm-none-eabi/bin/../lib/gcc/arm-none-eabi/13.3.1/../../../../arm-none-eabi/lib/thumb/v7e-m+dp/hard/libc_nano.a(libc_a-nano-vfprintf_i.o)
                0x0800d854                _printf_i
 .text._realloc_r
                0x0800da90       0x5c /Applications/ArmGNUToolchain/13.3.rel1/arm-none-eabi/bin/../lib/gcc/arm-none-eabi/13.3.1/../../../../arm-none-eabi/lib/thumb/v7e-m+dp/hard/libc_nano.a(libc_a-reallocr.o)
                0x0800da90                _realloc_r
 .text.memmove  0x0800daec       0x34 /Applications/ArmGNUToolchain/13.3.rel1/arm-none-eabi/bin/../lib/gcc/arm-none-eabi/13.3.1/../../../../arm-none-eabi/lib/thumb/v7e-m+dp/hard/libc_nano.a(libc_a-memmove.o)
                0x0800daec                memmove
 .text.strchr   0x0800db20       0x1a /Applications/ArmGNUToolchain/13.3.rel1/arm-none-eabi/bin/../lib/gcc/arm-none-eabi/13.3.1/../../../../arm-none-eabi/lib/thumb/v7e-m+dp/hard/libc_nano.a(libc_a-strchr.o)
                0x0800db20                strchr
 .text._malloc_usable_size_r
                0x0800db3a       0x10 /Applications/ArmGNUToolchain/13.3.rel1/arm-none-eabi/bin/../lib/gcc/arm-none-eabi/13.3.1/../../../../arm-none-eabi/lib/thumb/v7e-m+dp/hard/libc_nano.a(libc_a-msizer.o)
                0x0800db3a                _malloc_usable_size_r
 *(.glue_7)
 .glue_7        0x0800db4a        0x0 linker stubs
 *(.glue_7t)
 .glue_7t       0x0800db4a        0x0 linker stubs
 *(.eh_frame)
 *fill*         0x0800db4a        0x2 
 .eh_frame      0x0800db4c        0x0 /Applications/ArmGNUToolchain/13.3.rel1/arm-none-eabi/bin/../lib/gcc/arm-none-eabi/13.3.1/thumb/v7e-m+dp/hard/crtbegin.o
 *(.init)
 .init          0x0800db4c        0x4 /Applications/ArmGNUToolchain/13.3.rel1/arm-none-eabi/bin/../lib/gcc/arm-none-eabi/13.3.1/thumb/v7e-m+dp/hard/crti.o
                0x0800db4c                _init
 .init          0x0800db50        0x8 /Applications/ArmGNUToolchain/13.3.rel1/arm-none-eabi/bin/../lib/gcc/arm-none-eabi/13.3.1/thumb/v7e-m+dp/hard/crtn.o
 *(.fini)
 .fini          0x0800db58        0x4 /Applications/ArmGNUToolchain/13.3.rel1/arm-none-eabi/bin/../lib/gcc/arm-none-eabi/13.3.1/thumb/v7e-m+dp/hard/crti.o
                0x0800db58                _fini
 .fini          0x0800db5c        0x8 /Applications/ArmGNUToolchain/13.3.rel1/arm-none-eabi/bin/../lib/gcc/arm-none-eabi/13.3.1/thumb/v7e-m+dp/hard/crtn.o
                0x0800db64                        . = ALIGN (0x4)
                0x0800db64                        _etext = .

.vfp11_veneer   0x0800db64        0x0
 .vfp11_veneer  0x0800db64        0x0 linker stubs

.v4_bx          0x0800db64        0x0
 .v4_bx         0x0800db64        0x0 linker stubs

.iplt           0x0800db64        0x0
 .iplt          0x0800db64        0x0 /Applications/ArmGNUToolchain/13.3.rel1/arm-none-eabi/bin/../lib/gcc/arm-none-eabi/13.3.1/thumb/v7e-m+dp/hard/crtbegin.o

.rodata         0x0800db64     0x75e0
                0x0800db64                        . = ALIGN (0x4)
 *(.rodata)
 *(.rodata*)
 .rodata.main.str1.4
                0x0800db64      0x17f build/main.o
                                 0x2f (size before relaxing)
 .rodata.ensure_sd_mounted.str1.4
                0x0800dce3       0x10 build/capture.o
 .rodata.parse_photo_id.str1.4
                0x0800dce3        0xf build/capture.o
 .rodata.find_next_photo_id.str1.4
                0x0800dce3        0x2 build/capture.o
 .rodata.find_unused_filename.str1.4
                0x0800dce3       0x1d build/capture.o
 .rodata.take_A_Picture.str1.4
                0x0800dce3       0xc4 build/capture.o
 *fill*         0x0800dce3        0x1 
 .rodata.flagBitshiftOffset.0
                0x0800dce4        0x8 build/stm32h7xx_hal_dma.o
 .rodata.D1CorePrescTable
                0x0800dcec       0x10 build/system_stm32h7xx.o
                0x0800dcec                D1CorePrescTable
 .rodata.dvp_cam_resolution
                0x0800dcfc       0x80 build/camera.o
                0x0800dcfc                dvp_cam_resolution
 .rodata.OV2640_1280x960_JPEG
                0x0800dd7c       0x5a build/ov2640.o
 *fill*         0x0800ddd6        0x2 
 .rodata.OV2640_JPEG
                0x0800ddd8       0x10 build/ov2640.o
 .rodata.OV2640_YUV422
                0x0800dde8       0x12 build/ov2640.o
 *fill*         0x0800ddfa        0x2 
 .rodata.OV2640_JPEG_INIT
                0x0800ddfc      0x17a build/ov2640.o
 *fill*         0x0800df76        0x2 
 .rodata.brightness_regs
                0x0800df78       0x1e build/ov2640.o
 *fill*         0x0800df96        0x2 
 .rodata.rgb565_regs
                0x0800df98        0xe build/ov2640.o
 *fill*         0x0800dfa6        0x2 
 .rodata.OV2640_uxga_regs
                0x0800dfa8       0x46 build/ov2640_regs.o
                0x0800dfa8                OV2640_uxga_regs
 *fill*         0x0800dfee        0x2 
 .rodata.OV2640_svga_regs
                0x0800dff0       0x46 build/ov2640_regs.o
                0x0800dff0                OV2640_svga_regs
 *fill*         0x0800e036        0x2 
 .rodata.ov2640_Slow_regs
                0x0800e038      0x174 build/ov2640_regs.o
                0x0800e038                ov2640_Slow_regs
 .rodata.OrientationTab
                0x0800e1ac       0x20 build/st7735.o
 .rodata.LCD_Test.str1.4
                0x0800e1cc       0x35 build/lcd.o
 .rodata.asc2_1608
                0x0800e1cc      0x5f0 build/lcd.o
                0x0800e1cc                asc2_1608
 .rodata.asc2_1206
                0x0800e7bc      0x474 build/lcd.o
                0x0800e7bc                asc2_1206
 .rodata.WeActStudiologo_160_80
                0x0800ec30     0x6449 build/logo_160_80.o
                0x0800ec30                WeActStudiologo_160_80
 *fill*         0x08015079        0x3 
 .rodata.SD_Driver
                0x0801507c       0x14 build/sd_diskio.o
                0x0801507c                SD_Driver
 .rodata.create_name.str1.4
                0x08015090        0xf build/ff.o
 .rodata.ExCvt  0x08015090       0x80 build/ff.o
 .rodata._svfprintf_r.str1.1
                0x08015110       0x33 /Applications/ArmGNUToolchain/13.3.rel1/arm-none-eabi/bin/../lib/gcc/arm-none-eabi/13.3.1/../../../../arm-none-eabi/lib/thumb/v7e-m+dp/hard/libc_nano.a(libc_a-nano-svfprintf.o)
                                 0x11 (size before relaxing)
 .rodata._printf_i.str1.1
                0x08015143       0x22 /Applications/ArmGNUToolchain/13.3.rel1/arm-none-eabi/bin/../lib/gcc/arm-none-eabi/13.3.1/../../../../arm-none-eabi/lib/thumb/v7e-m+dp/hard/libc_nano.a(libc_a-nano-vfprintf_i.o)
                0x08015168                        . = ALIGN (0x4)
 *fill*         0x08015143        0x1 

.ARM.extab      0x08015144        0x0
                0x08015144                        . = ALIGN (0x4)
 *(.ARM.extab* .gnu.linkonce.armextab.*)
                0x08015144                        . = ALIGN (0x4)

.ARM            0x08015144        0x8
                0x08015144                        . = ALIGN (0x4)
                0x08015144                        __exidx_start = .
 *(.ARM.exidx*)
 .ARM.exidx     0x08015144        0x8 /Applications/ArmGNUToolchain/13.3.rel1/arm-none-eabi/bin/../lib/gcc/arm-none-eabi/13.3.1/../../../../arm-none-eabi/lib/thumb/v7e-m+dp/hard/libc_nano.a(libc_a-memchr.o)
                0x0801514c                        __exidx_end = .
                0x0801514c                        . = ALIGN (0x4)

.preinit_array  0x0801514c        0x0
                0x0801514c                        . = ALIGN (0x4)
                0x0801514c                        PROVIDE (__preinit_array_start = .)
 *(.preinit_array*)
                0x0801514c                        PROVIDE (__preinit_array_end = .)
                0x0801514c                        . = ALIGN (0x4)

.init_array     0x0801514c        0x4
                0x0801514c                        . = ALIGN (0x4)
                0x0801514c                        PROVIDE (__init_array_start = .)
 *(SORT_BY_NAME(.init_array.*))
 *(.init_array*)
 .init_array    0x0801514c        0x4 /Applications/ArmGNUToolchain/13.3.rel1/arm-none-eabi/bin/../lib/gcc/arm-none-eabi/13.3.1/thumb/v7e-m+dp/hard/crtbegin.o
                0x08015150                        PROVIDE (__init_array_end = .)
                0x08015150                        . = ALIGN (0x4)

.fini_array     0x08015150        0x4
                0x08015150                        . = ALIGN (0x4)
                [!provide]                        PROVIDE (__fini_array_start = .)
 *(SORT_BY_NAME(.fini_array.*))
 *(.fini_array*)
 .fini_array    0x08015150        0x4 /Applications/ArmGNUToolchain/13.3.rel1/arm-none-eabi/bin/../lib/gcc/arm-none-eabi/13.3.1/thumb/v7e-m+dp/hard/crtbegin.o
                [!provide]                        PROVIDE (__fini_array_end = .)
                0x08015154                        . = ALIGN (0x4)
                0x08015154                        _sidata = LOADADDR (.data)

.rel.dyn        0x08015154        0x0
 .rel.iplt      0x08015154        0x0 /Applications/ArmGNUToolchain/13.3.rel1/arm-none-eabi/bin/../lib/gcc/arm-none-eabi/13.3.1/thumb/v7e-m+dp/hard/crtbegin.o

.data           0x24000000       0xd4 load address 0x08015154
                0x24000000                        . = ALIGN (0x4)
                0x24000000                        _sdata = .
 *(.data)
 *(.data*)
 .data.uwTickFreq
                0x24000000        0x1 build/stm32h7xx_hal.o
                0x24000000                uwTickFreq
 *fill*         0x24000001        0x3 
 .data.uwTickPrio
                0x24000004        0x4 build/stm32h7xx_hal.o
                0x24000004                uwTickPrio
 .data.SystemD2Clock
                0x24000008        0x4 build/system_stm32h7xx.o
                0x24000008                SystemD2Clock
 .data.SystemCoreClock
                0x2400000c        0x4 build/system_stm32h7xx.o
                0x2400000c                SystemCoreClock
 .data.ST7735_LCD_Driver
                0x24000010       0x4c build/st7735.o
                0x24000010                ST7735_LCD_Driver
 .data.POINT_COLOR
                0x2400005c        0x2 build/lcd.o
                0x2400005c                POINT_COLOR
 *fill*         0x2400005e        0x2 
 .data.st7735_pIO
                0x24000060       0x20 build/lcd.o
                0x24000060                st7735_pIO
 .data.Stat     0x24000080        0x1 build/sd_diskio.o
 *fill*         0x24000081        0x3 
 .data._impure_ptr
                0x24000084        0x4 /Applications/ArmGNUToolchain/13.3.rel1/arm-none-eabi/bin/../lib/gcc/arm-none-eabi/13.3.1/../../../../arm-none-eabi/lib/thumb/v7e-m+dp/hard/libc_nano.a(libc_a-impure.o)
                0x24000084                _impure_ptr
 .data._impure_data
                0x24000088       0x4c /Applications/ArmGNUToolchain/13.3.rel1/arm-none-eabi/bin/../lib/gcc/arm-none-eabi/13.3.1/../../../../arm-none-eabi/lib/thumb/v7e-m+dp/hard/libc_nano.a(libc_a-impure.o)
                0x24000088                _impure_data
 *(.RamFunc)
 *(.RamFunc*)
                0x240000d4                        . = ALIGN (0x4)
                0x240000d4                        _edata = .

.tm_clone_table
                0x240000d4        0x0 load address 0x08015228
 .tm_clone_table
                0x240000d4        0x0 /Applications/ArmGNUToolchain/13.3.rel1/arm-none-eabi/bin/../lib/gcc/arm-none-eabi/13.3.1/thumb/v7e-m+dp/hard/crtbegin.o
 .tm_clone_table
                0x240000d4        0x0 /Applications/ArmGNUToolchain/13.3.rel1/arm-none-eabi/bin/../lib/gcc/arm-none-eabi/13.3.1/thumb/v7e-m+dp/hard/crtend.o

.igot.plt       0x240000d4        0x0 load address 0x08015228
 .igot.plt      0x240000d4        0x0 /Applications/ArmGNUToolchain/13.3.rel1/arm-none-eabi/bin/../lib/gcc/arm-none-eabi/13.3.1/thumb/v7e-m+dp/hard/crtbegin.o
                0x240000d4                        . = ALIGN (0x4)

.bss            0x240000d4     0xa284 load address 0x08015228
                0x240000d4                        _sbss = .
                0x240000d4                        __bss_start__ = _sbss
 *(.bss)
 *(.bss*)
 .bss.completed.1
                0x240000d4        0x1 /Applications/ArmGNUToolchain/13.3.rel1/arm-none-eabi/bin/../lib/gcc/arm-none-eabi/13.3.1/thumb/v7e-m+dp/hard/crtbegin.o
 *fill*         0x240000d5        0x3 
 .bss.object.0  0x240000d8       0x18 /Applications/ArmGNUToolchain/13.3.rel1/arm-none-eabi/bin/../lib/gcc/arm-none-eabi/13.3.1/thumb/v7e-m+dp/hard/crtbegin.o
 .bss.count.0   0x240000f0        0x4 build/main.o
 .bss.tick.1    0x240000f4        0x4 build/main.o
 .bss.Camera_FPS
                0x240000f8        0x4 build/main.o
                0x240000f8                Camera_FPS
 .bss.DCMI_CallbackCount
                0x240000fc        0x4 build/main.o
                0x240000fc                DCMI_CallbackCount
 .bss.DCMI_VsyncFlag
                0x24000100        0x4 build/main.o
                0x24000100                DCMI_VsyncFlag
 .bss.DCMI_FrameIsReady
                0x24000104        0x4 build/main.o
                0x24000104                DCMI_FrameIsReady
 .bss.pic       0x24000108     0x9600 build/main.o
                0x24000108                pic
 .bss.photo_id  0x24009708        0x4 build/main.o
                0x24009708                photo_id
 .bss.res       0x2400970c        0x1 build/main.o
                0x2400970c                res
 *fill*         0x2400970d        0x3 
 .bss.pCardInfo
                0x24009710       0x24 build/main.o
                0x24009710                pCardInfo
 .bss.pCSD      0x24009734       0x2c build/main.o
                0x24009734                pCSD
 .bss.pCID      0x24009760       0x18 build/main.o
                0x24009760                pCID
 .bss.hdma_dcmi
                0x24009778       0x78 build/dcmi.o
                0x24009778                hdma_dcmi
 .bss.hdcmi     0x240097f0       0x50 build/dcmi.o
                0x240097f0                hdcmi
 .bss.hi2c1     0x24009840       0x54 build/i2c.o
                0x24009840                hi2c1
 .bss.hsd1      0x24009894       0x7c build/sdmmc.o
                0x24009894                hsd1
 .bss.hspi4     0x24009910       0x88 build/spi.o
                0x24009910                hspi4
 .bss.htim16    0x24009998       0x4c build/tim.o
                0x24009998                htim16
 .bss.htim1     0x240099e4       0x4c build/tim.o
                0x240099e4                htim1
 .bss.uwTick    0x24009a30        0x4 build/stm32h7xx_hal.o
                0x24009a30                uwTick
 .bss.hcamera   0x24009a34       0x14 build/camera.o
                0x24009a34                hcamera
 .bss.pdata.0   0x24009a48      0x280 build/st7735.o
 .bss.pdata.1   0x24009cc8      0x280 build/st7735.o
 .bss.ST7735Ctx
                0x24009f48       0x10 build/st7735.o
                0x24009f48                ST7735Ctx
 .bss.timecount.0
                0x24009f58        0x4 build/lcd.o
 .bss.BACK_COLOR
                0x24009f5c        0x2 build/lcd.o
                0x24009f5c                BACK_COLOR
 .bss.IsLCD_SoftPWM
                0x24009f5e        0x1 build/lcd.o
 *fill*         0x24009f5f        0x1 
 .bss.LCD_LightSet
                0x24009f60        0x4 build/lcd.o
 .bss.st7735_id
                0x24009f64        0x4 build/lcd.o
                0x24009f64                st7735_id
 .bss.st7735_pObj
                0x24009f68       0x38 build/lcd.o
                0x24009f68                st7735_pObj
 .bss.__sbrk_heap_end
                0x24009fa0        0x4 build/sysmem.o
 .bss.SDFatFS   0x24009fa4      0x230 build/fatfs.o
                0x24009fa4                SDFatFS
 .bss.SDPath    0x2400a1d4        0x4 build/fatfs.o
                0x2400a1d4                SDPath
 .bss.retSD     0x2400a1d8        0x1 build/fatfs.o
                0x2400a1d8                retSD
 *fill*         0x2400a1d9        0x3 
 .bss.Files     0x2400a1dc       0x20 build/ff.o
 .bss.Fsid      0x2400a1fc        0x2 build/ff.o
 *fill*         0x2400a1fe        0x2 
 .bss.FatFs     0x2400a200        0x4 build/ff.o
 .bss.disk      0x2400a204        0xc build/ff_gen_drv.o
                0x2400a204                disk
 .bss.__malloc_sbrk_start
                0x2400a210        0x4 /Applications/ArmGNUToolchain/13.3.rel1/arm-none-eabi/bin/../lib/gcc/arm-none-eabi/13.3.1/../../../../arm-none-eabi/lib/thumb/v7e-m+dp/hard/libc_nano.a(libc_a-mallocr.o)
                0x2400a210                __malloc_sbrk_start
 .bss.__malloc_free_list
                0x2400a214        0x4 /Applications/ArmGNUToolchain/13.3.rel1/arm-none-eabi/bin/../lib/gcc/arm-none-eabi/13.3.1/../../../../arm-none-eabi/lib/thumb/v7e-m+dp/hard/libc_nano.a(libc_a-mallocr.o)
                0x2400a214                __malloc_free_list
 .bss.__sf      0x2400a218      0x138 /Applications/ArmGNUToolchain/13.3.rel1/arm-none-eabi/bin/../lib/gcc/arm-none-eabi/13.3.1/../../../../arm-none-eabi/lib/thumb/v7e-m+dp/hard/libc_nano.a(libc_a-findfp.o)
                0x2400a218                __sf
 .bss.__lock___malloc_recursive_mutex
                0x2400a350        0x1 /Applications/ArmGNUToolchain/13.3.rel1/arm-none-eabi/bin/../lib/gcc/arm-none-eabi/13.3.1/../../../../arm-none-eabi/lib/thumb/v7e-m+dp/hard/libc_nano.a(libc_a-lock.o)
                0x2400a350                __lock___malloc_recursive_mutex
 *fill*         0x2400a351        0x3 
 .bss.errno     0x2400a354        0x4 /Applications/ArmGNUToolchain/13.3.rel1/arm-none-eabi/bin/../lib/gcc/arm-none-eabi/13.3.1/../../../../arm-none-eabi/lib/thumb/v7e-m+dp/hard/libc_nano.a(libc_a-reent.o)
                0x2400a354                errno
 *(COMMON)
                0x2400a358                        . = ALIGN (0x4)
                0x2400a358                        _ebss = .
                0x2400a358                        __bss_end__ = _ebss

.sram1          0x2400a358    0x70008 load address 0x08015228
                0x2400a358                        . = ALIGN (0x4)
                0x2400a358                        __sram1_start = .
 *(.sram1)
 .sram1         0x2400a358    0x70000 build/capture.o
                0x2407a360                        . = ALIGN (0x20)
 *fill*         0x2407a358        0x8 
                0x2407a360                        __sram1_end = .

._user_heap_stack
                0x20000000     0x5000
                0x20000000                        . = ALIGN (0x8)
                [!provide]                        PROVIDE (end = .)
                0x20000000                        PROVIDE (_end = .)
                0x20001000                        . = (. + _Min_Heap_Size)
 *fill*         0x20000000     0x1000 
                0x20005000                        . = (. + _Min_Stack_Size)
 *fill*         0x20001000     0x4000 
                0x20005000                        . = ALIGN (0x8)

.sram2          0x2407a360        0x0
                0x2407a360                        . = ALIGN (0x4)
 *(.sram2*)
                0x2407a360                        . = ALIGN (0x4)

/DISCARD/
 libc.a(*)
 libm.a(*)
 libgcc.a(*)
OUTPUT(build/08-DCMI2LCD.elf elf32-littlearm)
LOAD linker stubs
LOAD /Applications/ArmGNUToolchain/13.3.rel1/arm-none-eabi/bin/../lib/gcc/arm-none-eabi/13.3.1/../../../../arm-none-eabi/lib/thumb/v7e-m+dp/hard/libc.a
LOAD /Applications/ArmGNUToolchain/13.3.rel1/arm-none-eabi/bin/../lib/gcc/arm-none-eabi/13.3.1/../../../../arm-none-eabi/lib/thumb/v7e-m+dp/hard/libm.a
LOAD /Applications/ArmGNUToolchain/13.3.rel1/arm-none-eabi/bin/../lib/gcc/arm-none-eabi/13.3.1/thumb/v7e-m+dp/hard/libgcc.a

.ARM.attributes
                0x00000000       0x2e
 .ARM.attributes
                0x00000000       0x20 /Applications/ArmGNUToolchain/13.3.rel1/arm-none-eabi/bin/../lib/gcc/arm-none-eabi/13.3.1/thumb/v7e-m+dp/hard/crti.o
 .ARM.attributes
                0x00000020       0x32 /Applications/ArmGNUToolchain/13.3.rel1/arm-none-eabi/bin/../lib/gcc/arm-none-eabi/13.3.1/thumb/v7e-m+dp/hard/crtbegin.o
 .ARM.attributes
                0x00000052       0x32 build/main.o
 .ARM.attributes
                0x00000084       0x32 build/gpio.o
 .ARM.attributes
                0x000000b6       0x32 build/dcmi.o
 .ARM.attributes
                0x000000e8       0x32 build/dma.o
 .ARM.attributes
                0x0000011a       0x32 build/i2c.o
 .ARM.attributes
                0x0000014c       0x32 build/sdmmc.o
 .ARM.attributes
                0x0000017e       0x32 build/spi.o
 .ARM.attributes
                0x000001b0       0x32 build/capture.o
 .ARM.attributes
                0x000001e2       0x32 build/tim.o
 .ARM.attributes
                0x00000214       0x32 build/stm32h7xx_it.o
 .ARM.attributes
                0x00000246       0x32 build/stm32h7xx_hal_msp.o
 .ARM.attributes
                0x00000278       0x32 build/stm32h7xx_hal_rcc.o
 .ARM.attributes
                0x000002aa       0x32 build/stm32h7xx_hal_rcc_ex.o
 .ARM.attributes
                0x000002dc       0x32 build/stm32h7xx_hal_gpio.o
 .ARM.attributes
                0x0000030e       0x32 build/stm32h7xx_hal_dma.o
 .ARM.attributes
                0x00000340       0x32 build/stm32h7xx_hal_dma_ex.o
 .ARM.attributes
                0x00000372       0x32 build/stm32h7xx_hal_pwr_ex.o
 .ARM.attributes
                0x000003a4       0x32 build/stm32h7xx_hal_cortex.o
 .ARM.attributes
                0x000003d6       0x32 build/stm32h7xx_hal.o
 .ARM.attributes
                0x00000408       0x32 build/stm32h7xx_hal_i2c.o
 .ARM.attributes
                0x0000043a       0x32 build/stm32h7xx_hal_i2c_ex.o
 .ARM.attributes
                0x0000046c       0x32 build/stm32h7xx_hal_dcmi.o
 .ARM.attributes
                0x0000049e       0x32 build/stm32h7xx_ll_sdmmc.o
 .ARM.attributes
                0x000004d0       0x32 build/stm32h7xx_hal_sd.o
 .ARM.attributes
                0x00000502       0x32 build/stm32h7xx_hal_spi.o
 .ARM.attributes
                0x00000534       0x32 build/stm32h7xx_hal_tim.o
 .ARM.attributes
                0x00000566       0x32 build/stm32h7xx_hal_tim_ex.o
 .ARM.attributes
                0x00000598       0x32 build/system_stm32h7xx.o
 .ARM.attributes
                0x000005ca       0x32 build/camera.o
 .ARM.attributes
                0x000005fc       0x32 build/ov2640.o
 .ARM.attributes
                0x0000062e       0x32 build/ov2640_regs.o
 .ARM.attributes
                0x00000660       0x32 build/st7735.o
 .ARM.attributes
                0x00000692       0x32 build/st7735_reg.o
 .ARM.attributes
                0x000006c4       0x32 build/lcd.o
 .ARM.attributes
                0x000006f6       0x32 build/logo_160_80.o
 .ARM.attributes
                0x00000728       0x32 build/sysmem.o
 .ARM.attributes
                0x0000075a       0x32 build/bsp_driver_sd.o
 .ARM.attributes
                0x0000078c       0x32 build/sd_diskio.o
 .ARM.attributes
                0x000007be       0x32 build/fatfs.o
 .ARM.attributes
                0x000007f0       0x32 build/fatfs_platform.o
 .ARM.attributes
                0x00000822       0x32 build/diskio.o
 .ARM.attributes
                0x00000854       0x32 build/ff.o
 .ARM.attributes
                0x00000886       0x32 build/ff_gen_drv.o
 .ARM.attributes
                0x000008b8       0x21 build/startup_stm32h750xx.o
 .ARM.attributes
                0x000008d9       0x32 /Applications/ArmGNUToolchain/13.3.rel1/arm-none-eabi/bin/../lib/gcc/arm-none-eabi/13.3.1/../../../../arm-none-eabi/lib/thumb/v7e-m+dp/hard/libc_nano.a(libc_a-mallocr.o)
 .ARM.attributes
                0x0000090b       0x32 /Applications/ArmGNUToolchain/13.3.rel1/arm-none-eabi/bin/../lib/gcc/arm-none-eabi/13.3.1/../../../../arm-none-eabi/lib/thumb/v7e-m+dp/hard/libc_nano.a(libc_a-snprintf.o)
 .ARM.attributes
                0x0000093d       0x32 /Applications/ArmGNUToolchain/13.3.rel1/arm-none-eabi/bin/../lib/gcc/arm-none-eabi/13.3.1/../../../../arm-none-eabi/lib/thumb/v7e-m+dp/hard/libc_nano.a(libc_a-mlock.o)
 .ARM.attributes
                0x0000096f       0x32 /Applications/ArmGNUToolchain/13.3.rel1/arm-none-eabi/bin/../lib/gcc/arm-none-eabi/13.3.1/../../../../arm-none-eabi/lib/thumb/v7e-m+dp/hard/libc_nano.a(libc_a-sprintf.o)
 .ARM.attributes
                0x000009a1       0x32 /Applications/ArmGNUToolchain/13.3.rel1/arm-none-eabi/bin/../lib/gcc/arm-none-eabi/13.3.1/../../../../arm-none-eabi/lib/thumb/v7e-m+dp/hard/libc_nano.a(libc_a-findfp.o)
 .ARM.attributes
                0x000009d3       0x32 /Applications/ArmGNUToolchain/13.3.rel1/arm-none-eabi/bin/../lib/gcc/arm-none-eabi/13.3.1/../../../../arm-none-eabi/lib/thumb/v7e-m+dp/hard/libc_nano.a(libc_a-memset.o)
 .ARM.attributes
                0x00000a05       0x32 /Applications/ArmGNUToolchain/13.3.rel1/arm-none-eabi/bin/../lib/gcc/arm-none-eabi/13.3.1/../../../../arm-none-eabi/lib/thumb/v7e-m+dp/hard/libc_nano.a(libc_a-strncmp.o)
 .ARM.attributes
                0x00000a37       0x32 /Applications/ArmGNUToolchain/13.3.rel1/arm-none-eabi/bin/../lib/gcc/arm-none-eabi/13.3.1/../../../../arm-none-eabi/lib/thumb/v7e-m+dp/hard/libc_nano.a(libc_a-strrchr.o)
 .ARM.attributes
                0x00000a69       0x32 /Applications/ArmGNUToolchain/13.3.rel1/arm-none-eabi/bin/../lib/gcc/arm-none-eabi/13.3.1/../../../../arm-none-eabi/lib/thumb/v7e-m+dp/hard/libc_nano.a(libc_a-sbrkr.o)
 .ARM.attributes
                0x00000a9b       0x32 /Applications/ArmGNUToolchain/13.3.rel1/arm-none-eabi/bin/../lib/gcc/arm-none-eabi/13.3.1/../../../../arm-none-eabi/lib/thumb/v7e-m+dp/hard/libc_nano.a(libc_a-errno.o)
 .ARM.attributes
                0x00000acd       0x32 /Applications/ArmGNUToolchain/13.3.rel1/arm-none-eabi/bin/../lib/gcc/arm-none-eabi/13.3.1/../../../../arm-none-eabi/lib/thumb/v7e-m+dp/hard/libc_nano.a(libc_a-init.o)
 .ARM.attributes
                0x00000aff       0x32 /Applications/ArmGNUToolchain/13.3.rel1/arm-none-eabi/bin/../lib/gcc/arm-none-eabi/13.3.1/../../../../arm-none-eabi/lib/thumb/v7e-m+dp/hard/libc_nano.a(libc_a-lock.o)
 .ARM.attributes
                0x00000b31       0x32 /Applications/ArmGNUToolchain/13.3.rel1/arm-none-eabi/bin/../lib/gcc/arm-none-eabi/13.3.1/../../../../arm-none-eabi/lib/thumb/v7e-m+dp/hard/libc_nano.a(libc_a-reent.o)
 .ARM.attributes
                0x00000b63       0x32 /Applications/ArmGNUToolchain/13.3.rel1/arm-none-eabi/bin/../lib/gcc/arm-none-eabi/13.3.1/../../../../arm-none-eabi/lib/thumb/v7e-m+dp/hard/libc_nano.a(libc_a-impure.o)
 .ARM.attributes
                0x00000b95       0x32 /Applications/ArmGNUToolchain/13.3.rel1/arm-none-eabi/bin/../lib/gcc/arm-none-eabi/13.3.1/../../../../arm-none-eabi/lib/thumb/v7e-m+dp/hard/libc_nano.a(libc_a-memcpy-stub.o)
 .ARM.attributes
                0x00000bc7       0x32 /Applications/ArmGNUToolchain/13.3.rel1/arm-none-eabi/bin/../lib/gcc/arm-none-eabi/13.3.1/../../../../arm-none-eabi/lib/thumb/v7e-m+dp/hard/libc_nano.a(libc_a-freer.o)
 .ARM.attributes
                0x00000bf9       0x32 /Applications/ArmGNUToolchain/13.3.rel1/arm-none-eabi/bin/../lib/gcc/arm-none-eabi/13.3.1/../../../../arm-none-eabi/lib/thumb/v7e-m+dp/hard/libc_nano.a(libc_a-nano-svfprintf.o)
 .ARM.attributes
                0x00000c2b       0x32 /Applications/ArmGNUToolchain/13.3.rel1/arm-none-eabi/bin/../lib/gcc/arm-none-eabi/13.3.1/../../../../arm-none-eabi/lib/thumb/v7e-m+dp/hard/libc_nano.a(libc_a-nano-vfprintf_i.o)
 .ARM.attributes
                0x00000c5d       0x32 /Applications/ArmGNUToolchain/13.3.rel1/arm-none-eabi/bin/../lib/gcc/arm-none-eabi/13.3.1/../../../../arm-none-eabi/lib/thumb/v7e-m+dp/hard/libc_nano.a(libc_a-reallocr.o)
 .ARM.attributes
                0x00000c8f       0x32 /Applications/ArmGNUToolchain/13.3.rel1/arm-none-eabi/bin/../lib/gcc/arm-none-eabi/13.3.1/../../../../arm-none-eabi/lib/thumb/v7e-m+dp/hard/libc_nano.a(libc_a-memmove.o)
 .ARM.attributes
                0x00000cc1       0x32 /Applications/ArmGNUToolchain/13.3.rel1/arm-none-eabi/bin/../lib/gcc/arm-none-eabi/13.3.1/../../../../arm-none-eabi/lib/thumb/v7e-m+dp/hard/libc_nano.a(libc_a-strchr.o)
 .ARM.attributes
                0x00000cf3       0x1c /Applications/ArmGNUToolchain/13.3.rel1/arm-none-eabi/bin/../lib/gcc/arm-none-eabi/13.3.1/../../../../arm-none-eabi/lib/thumb/v7e-m+dp/hard/libc_nano.a(libc_a-memchr.o)
 .ARM.attributes
                0x00000d0f       0x32 /Applications/ArmGNUToolchain/13.3.rel1/arm-none-eabi/bin/../lib/gcc/arm-none-eabi/13.3.1/../../../../arm-none-eabi/lib/thumb/v7e-m+dp/hard/libc_nano.a(libc_a-msizer.o)
 .ARM.attributes
                0x00000d41       0x32 /Applications/ArmGNUToolchain/13.3.rel1/arm-none-eabi/bin/../lib/gcc/arm-none-eabi/13.3.1/thumb/v7e-m+dp/hard/crtend.o
 .ARM.attributes
                0x00000d73       0x20 /Applications/ArmGNUToolchain/13.3.rel1/arm-none-eabi/bin/../lib/gcc/arm-none-eabi/13.3.1/thumb/v7e-m+dp/hard/crtn.o

.comment        0x00000000       0x45
 .comment       0x00000000       0x45 build/main.o
                                 0x46 (size before relaxing)
 .comment       0x00000045       0x46 build/gpio.o
 .comment       0x00000045       0x46 build/dcmi.o
 .comment       0x00000045       0x46 build/dma.o
 .comment       0x00000045       0x46 build/i2c.o
 .comment       0x00000045       0x46 build/sdmmc.o
 .comment       0x00000045       0x46 build/spi.o
 .comment       0x00000045       0x46 build/capture.o
 .comment       0x00000045       0x46 build/tim.o
 .comment       0x00000045       0x46 build/stm32h7xx_it.o
 .comment       0x00000045       0x46 build/stm32h7xx_hal_msp.o
 .comment       0x00000045       0x46 build/stm32h7xx_hal_rcc.o
 .comment       0x00000045       0x46 build/stm32h7xx_hal_rcc_ex.o
 .comment       0x00000045       0x46 build/stm32h7xx_hal_gpio.o
 .comment       0x00000045       0x46 build/stm32h7xx_hal_dma.o
 .comment       0x00000045       0x46 build/stm32h7xx_hal_dma_ex.o
 .comment       0x00000045       0x46 build/stm32h7xx_hal_pwr_ex.o
 .comment       0x00000045       0x46 build/stm32h7xx_hal_cortex.o
 .comment       0x00000045       0x46 build/stm32h7xx_hal.o
 .comment       0x00000045       0x46 build/stm32h7xx_hal_i2c.o
 .comment       0x00000045       0x46 build/stm32h7xx_hal_i2c_ex.o
 .comment       0x00000045       0x46 build/stm32h7xx_hal_dcmi.o
 .comment       0x00000045       0x46 build/stm32h7xx_ll_sdmmc.o
 .comment       0x00000045       0x46 build/stm32h7xx_hal_sd.o
 .comment       0x00000045       0x46 build/stm32h7xx_hal_spi.o
 .comment       0x00000045       0x46 build/stm32h7xx_hal_tim.o
 .comment       0x00000045       0x46 build/stm32h7xx_hal_tim_ex.o
 .comment       0x00000045       0x46 build/system_stm32h7xx.o
 .comment       0x00000045       0x46 build/camera.o
 .comment       0x00000045       0x46 build/ov2640.o
 .comment       0x00000045       0x46 build/ov2640_regs.o
 .comment       0x00000045       0x46 build/st7735.o
 .comment       0x00000045       0x46 build/st7735_reg.o
 .comment       0x00000045       0x46 build/lcd.o
 .comment       0x00000045       0x46 build/logo_160_80.o
 .comment       0x00000045       0x46 build/sysmem.o
 .comment       0x00000045       0x46 build/bsp_driver_sd.o
 .comment       0x00000045       0x46 build/sd_diskio.o